+ analyze_power_grid -net VPWR -voltage_file /home/udamendis/HeiChips/heichips26-DNA_sequencer/macros/heichips26_dna_sequencer/flow/librelane/runs/RUN_2026-08-06_15-06-04/56-openroad-irdropreport/net-VPWR.csv
[INFO PSM-0040] All shapes on net VPWR are connected.
########## IR report #################
Net              : VPWR
Corner           : nom_typ_1p20V_25C
Total power      : 1.66e-02 W
Supply voltage   : 1.20e+00 V
Worstcase voltage: 1.20e+00 V
Average voltage  : 1.20e+00 V
Average IR drop  : 1.73e-03 V
Worstcase IR drop: 3.47e-03 V
Percentage drop  : 0.29 %
######################################
+ analyze_power_grid -net VGND -voltage_file /home/udamendis/HeiChips/heichips26-DNA_sequencer/macros/heichips26_dna_sequencer/flow/librelane/runs/RUN_2026-08-06_15-06-04/56-openroad-irdropreport/net-VGND.csv
[INFO PSM-0040] All shapes on net VGND are connected.
########## IR report #################
Net              : VGND
Corner           : nom_typ_1p20V_25C
Total power      : 1.66e-02 W
Supply voltage   : 0.00e+00 V
Worstcase voltage: 3.90e-03 V
Average voltage  : 1.69e-03 V
Average IR drop  : 1.69e-03 V
Worstcase IR drop: 3.90e-03 V
Percentage drop  : 0.33 %
######################################
