165. Printing statistics.

=== heichips26_dna_sequencer ===

        +----------Local Count, excluding submodules.
        |        +-Local Area, excluding submodules.
        |        | 
     5417        - wires
     5452        - wire bits
      604        - public wires
      639        - public wire bits
        8        - ports
       43        - port bits
     5433 7.43E+04 cells
      147 1.87E+03   sg13cmos5l_a21o_1
      485  4399.92   sg13cmos5l_a21oi_1
      129 1.87E+03   sg13cmos5l_a221oi_1
      165 1.79E+03   sg13cmos5l_a22oi_1
      234 2.12E+03   sg13cmos5l_and2_1
       49  622.339   sg13cmos5l_and3_1
        1   14.515   sg13cmos5l_and4_1
        3   21.773   sg13cmos5l_buf_1
      603 2.95E+04   sg13cmos5l_dfrbpq_1
      296 1.61E+03   sg13cmos5l_inv_1
      109 1.98E+03   sg13cmos5l_mux2_1
      342 2.48E+03   sg13cmos5l_nand2_1
      119 1.08E+03   sg13cmos5l_nand2b_1
      102  925.344   sg13cmos5l_nand3_1
       29  368.323   sg13cmos5l_nand3b_1
       35  381.024   sg13cmos5l_nand4_1
      631 4.58E+03   sg13cmos5l_nor2_1
      146 1.32E+03   sg13cmos5l_nor2b_1
      112 1.02E+03   sg13cmos5l_nor3_1
       42  457.229   sg13cmos5l_nor4_1
      564 5.12E+03   sg13cmos5l_o21ai_1
       62  562.464   sg13cmos5l_or2_1
       59  749.347   sg13cmos5l_or3_1
       16  232.243   sg13cmos5l_or4_1
      611 4.43E+03   sg13cmos5l_tiehi
       23  166.925   sg13cmos5l_tielo
      244 3.54E+03   sg13cmos5l_xnor2_1
       75  1088.64   sg13cmos5l_xor2_1

   Chip area for module '\heichips26_dna_sequencer': 74346.060600
     of which used for sequential elements: 29540.246400 (39.73%)

