157. Printing statistics.

=== heichips26_dna_sequencer ===

        +----------Local Count, excluding submodules.
        |        +-Local Area, excluding submodules.
        |        | 
     8228        - wires
     9163        - wire bits
      205        - public wires
     1140        - public wire bits
        8        - ports
       43        - port bits
     9028 2.95E+04 cells
     3024        -   $_ANDNOT_
      254        -   $_AND_
     1256        -   $_MUX_
      288        -   $_NAND_
      582        -   $_NOR_
      395        -   $_NOT_
      404        -   $_ORNOT_
      911        -   $_OR_
      370        -   $_XNOR_
      941        -   $_XOR_
      603 2.95E+04   sg13cmos5l_dfrbpq_1

   Area for cell type $_ANDNOT_ is unknown!
   Area for cell type $_AND_ is unknown!
   Area for cell type $_MUX_ is unknown!
   Area for cell type $_NAND_ is unknown!
   Area for cell type $_NOR_ is unknown!
   Area for cell type $_NOT_ is unknown!
   Area for cell type $_ORNOT_ is unknown!
   Area for cell type $_OR_ is unknown!
   Area for cell type $_XNOR_ is unknown!
   Area for cell type $_XOR_ is unknown!

   Chip area for module '\heichips26_dna_sequencer': 29540.246400
     of which used for sequential elements: 29540.246400 (100.00%)

