
===========================================================================
 report_power
============================================================================
======================= nom_fast_1p32V_m40C Corner ===================================

Group                    Internal    Switching      Leakage        Total
                            Power        Power        Power        Power (Watts)
------------------------------------------------------------------------
Sequential           5.369876e-03 3.566720e-04 1.434565e-06 5.727983e-03  54.2%
Combinational        1.393177e-03 1.817932e-03 3.655746e-06 3.214765e-03  30.4%
Clock                7.013573e-04 9.119923e-04 3.598641e-06 1.616948e-03  15.3%
Macro                0.000000e+00 0.000000e+00 0.000000e+00 0.000000e+00   0.0%
Pad                  0.000000e+00 0.000000e+00 0.000000e+00 0.000000e+00   0.0%
------------------------------------------------------------------------
Total                7.464393e-03 3.086589e-03 8.689154e-06 1.055967e-02 100.0%
                            70.7%        29.2%         0.1%

