
===========================================================================
 report_power
============================================================================
======================= nom_typ_1p20V_25C Corner ===================================

Group                    Internal    Switching      Leakage        Total
                            Power        Power        Power        Power (Watts)
------------------------------------------------------------------------
Sequential           4.394589e-03 2.821149e-04 6.689906e-07 4.677373e-03  55.1%
Combinational        1.111757e-03 1.439134e-03 1.487836e-06 2.552379e-03  30.1%
Clock                5.469443e-04 7.154502e-04 1.022294e-06 1.263417e-03  14.9%
Macro                0.000000e+00 0.000000e+00 0.000000e+00 0.000000e+00   0.0%
Pad                  0.000000e+00 0.000000e+00 0.000000e+00 0.000000e+00   0.0%
------------------------------------------------------------------------
Total                6.053277e-03 2.436692e-03 3.178906e-06 8.493147e-03 100.0%
                            71.3%        28.7%         0.0%

