
===========================================================================
report_checks -unconstrained
===========================================================================
======================= nom_typ_1p20V_25C Corner ===================================

Startpoint: enable_i (input port clocked by clock_i)
Endpoint: _75_ (rising edge-triggered flip-flop)
Path Group: unconstrained
Path Type: max

Fanout         Cap        Slew       Delay        Time   Description
---------------------------------------------------------------------------------------------
                                  4.000000    4.000000 ^ input external delay
     1    0.003086    0.020301    0.002623    4.002623 ^ enable_i (in)
                                                         enable_i (net)
                      0.020301    0.000000    4.002623 ^ input2/A (sg13cmos5l_buf_1)
     4    0.025267    0.109150    0.119820    4.122443 ^ input2/X (sg13cmos5l_buf_1)
                                                         net2 (net)
                      0.109239    0.002558    4.125000 ^ _44_/A (sg13cmos5l_nand3_1)
     1    0.004223    0.072433    0.093709    4.218710 v _44_/Y (sg13cmos5l_nand3_1)
                                                         _12_ (net)
                      0.072433    0.000169    4.218879 v _45_/A (sg13cmos5l_buf_4)
     8    0.042924    0.047745    0.116144    4.335022 v _45_/X (sg13cmos5l_buf_4)
                                                         _13_ (net)
                      0.047989    0.002597    4.337620 v _66_/B (sg13cmos5l_nor3_2)
     1    0.007641    0.107665    0.103771    4.441391 ^ _66_/Y (sg13cmos5l_nor3_2)
                                                         _29_ (net)
                      0.107665    0.000327    4.441718 ^ _67_/S (sg13cmos5l_mux2_1)
     1    0.002396    0.033456    0.179130    4.620848 v _67_/X (sg13cmos5l_mux2_1)
                                                         _07_ (net)
                      0.033456    0.000091    4.620939 v _75_/D (sg13cmos5l_dfrbpq_1)
                                              4.620939   data arrival time
---------------------------------------------------------------------------------------------
(Path is unconstrained)




===========================================================================
report_checks --slack_max -0.01
============================================================================
======================= nom_typ_1p20V_25C Corner ===================================

No paths found.


===========================================================================
 report_check_types -max_slew -max_cap -max_fanout -violators
============================================================================
======================= nom_typ_1p20V_25C Corner ===================================



===========================================================================
report_parasitic_annotation -report_unannotated
============================================================================
Found 0 unannotated drivers.
Found 0 partially unannotated drivers.

===========================================================================
max slew violation count 0
max fanout violation count 0
max cap violation count 0
============================================================================

===========================================================================
check_setup -verbose -unconstrained_endpoints -multiple_clock -no_clock -no_input_delay -loops -generated_clocks
===========================================================================
Warning: There are 8 unclocked register/latch pins.
  _68_/CLK
  _69_/CLK
  _70_/CLK
  _71_/CLK
  _72_/CLK
  _73_/CLK
  _74_/CLK
  _75_/CLK
Warning: There are 16 unconstrained endpoints.
  count_o[0]
  count_o[1]
  count_o[2]
  count_o[3]
  count_o[4]
  count_o[5]
  count_o[6]
  count_o[7]
  _68_/D
  _69_/D
  _70_/D
  _71_/D
  _72_/D
  _73_/D
  _74_/D
  _75_/D
