
Cell sg13cmos5l_fill_2 (0) disconnected node: VDD
Cell sg13cmos5l_fill_2 (0) disconnected node: VSS
Cell sg13cmos5l_fill_2 (1) disconnected node: VDD
Cell sg13cmos5l_fill_2 (1) disconnected node: VSS

Subcircuit pins:
Circuit 1: sg13cmos5l_fill_2               |Circuit 2: sg13cmos5l_fill_2               
-------------------------------------------|-------------------------------------------
VDD                                        |VDD                                        
VSS                                        |VSS                                        
---------------------------------------------------------------------------------------
Cell pin lists are equivalent.
Device classes sg13cmos5l_fill_2 and sg13cmos5l_fill_2 are equivalent.

Cell sg13cmos5l_dfrbpq_1 (0) disconnected node: Q
Cell sg13cmos5l_dfrbpq_1 (0) disconnected node: CLK
Cell sg13cmos5l_dfrbpq_1 (0) disconnected node: D
Cell sg13cmos5l_dfrbpq_1 (0) disconnected node: RESET_B
Cell sg13cmos5l_dfrbpq_1 (0) disconnected node: VDD
Cell sg13cmos5l_dfrbpq_1 (0) disconnected node: VSS

Subcircuit pins:
Circuit 1: sg13cmos5l_dfrbpq_1             |Circuit 2: sg13cmos5l_dfrbpq_1             
-------------------------------------------|-------------------------------------------
Q                                          |Q                                          
CLK                                        |CLK                                        
D                                          |D                                          
RESET_B                                    |RESET_B                                    
VDD                                        |VDD                                        
VSS                                        |VSS                                        
---------------------------------------------------------------------------------------
Cell pin lists are equivalent.
Device classes sg13cmos5l_dfrbpq_1 and sg13cmos5l_dfrbpq_1 are equivalent.

Cell sg13cmos5l_decap_8 (0) disconnected node: VDD
Cell sg13cmos5l_decap_8 (0) disconnected node: VSS

Subcircuit pins:
Circuit 1: sg13cmos5l_decap_8              |Circuit 2: sg13cmos5l_decap_8              
-------------------------------------------|-------------------------------------------
VDD                                        |VDD                                        
VSS                                        |VSS                                        
---------------------------------------------------------------------------------------
Cell pin lists are equivalent.
Device classes sg13cmos5l_decap_8 and sg13cmos5l_decap_8 are equivalent.

Cell sg13cmos5l_tiehi (0) disconnected node: L_HI
Cell sg13cmos5l_tiehi (0) disconnected node: VDD
Cell sg13cmos5l_tiehi (0) disconnected node: VSS

Subcircuit pins:
Circuit 1: sg13cmos5l_tiehi                |Circuit 2: sg13cmos5l_tiehi                
-------------------------------------------|-------------------------------------------
L_HI                                       |L_HI                                       
VDD                                        |VDD                                        
VSS                                        |VSS                                        
---------------------------------------------------------------------------------------
Cell pin lists are equivalent.
Device classes sg13cmos5l_tiehi and sg13cmos5l_tiehi are equivalent.

Cell sg13cmos5l_fill_1 (0) disconnected node: VDD
Cell sg13cmos5l_fill_1 (0) disconnected node: VSS
Cell sg13cmos5l_fill_1 (1) disconnected node: VDD
Cell sg13cmos5l_fill_1 (1) disconnected node: VSS

Subcircuit pins:
Circuit 1: sg13cmos5l_fill_1               |Circuit 2: sg13cmos5l_fill_1               
-------------------------------------------|-------------------------------------------
VDD                                        |VDD                                        
VSS                                        |VSS                                        
---------------------------------------------------------------------------------------
Cell pin lists are equivalent.
Device classes sg13cmos5l_fill_1 and sg13cmos5l_fill_1 are equivalent.

Cell sg13cmos5l_nor2_1 (0) disconnected node: Y
Cell sg13cmos5l_nor2_1 (0) disconnected node: A
Cell sg13cmos5l_nor2_1 (0) disconnected node: B
Cell sg13cmos5l_nor2_1 (0) disconnected node: VDD
Cell sg13cmos5l_nor2_1 (0) disconnected node: VSS

Subcircuit pins:
Circuit 1: sg13cmos5l_nor2_1               |Circuit 2: sg13cmos5l_nor2_1               
-------------------------------------------|-------------------------------------------
Y                                          |Y                                          
A                                          |A                                          
B                                          |B                                          
VDD                                        |VDD                                        
VSS                                        |VSS                                        
---------------------------------------------------------------------------------------
Cell pin lists are equivalent.
Device classes sg13cmos5l_nor2_1 and sg13cmos5l_nor2_1 are equivalent.

Cell sg13cmos5l_nand3_1 (0) disconnected node: Y
Cell sg13cmos5l_nand3_1 (0) disconnected node: A
Cell sg13cmos5l_nand3_1 (0) disconnected node: B
Cell sg13cmos5l_nand3_1 (0) disconnected node: C
Cell sg13cmos5l_nand3_1 (0) disconnected node: VDD
Cell sg13cmos5l_nand3_1 (0) disconnected node: VSS

Subcircuit pins:
Circuit 1: sg13cmos5l_nand3_1              |Circuit 2: sg13cmos5l_nand3_1              
-------------------------------------------|-------------------------------------------
Y                                          |Y                                          
A                                          |A                                          
B                                          |B                                          
C                                          |C                                          
VDD                                        |VDD                                        
VSS                                        |VSS                                        
---------------------------------------------------------------------------------------
Cell pin lists are equivalent.
Device classes sg13cmos5l_nand3_1 and sg13cmos5l_nand3_1 are equivalent.

Cell sg13cmos5l_o21ai_1 (0) disconnected node: Y
Cell sg13cmos5l_o21ai_1 (0) disconnected node: A1
Cell sg13cmos5l_o21ai_1 (0) disconnected node: A2
Cell sg13cmos5l_o21ai_1 (0) disconnected node: B1
Cell sg13cmos5l_o21ai_1 (0) disconnected node: VDD
Cell sg13cmos5l_o21ai_1 (0) disconnected node: VSS

Subcircuit pins:
Circuit 1: sg13cmos5l_o21ai_1              |Circuit 2: sg13cmos5l_o21ai_1              
-------------------------------------------|-------------------------------------------
Y                                          |Y                                          
A1                                         |A1                                         
A2                                         |A2                                         
B1                                         |B1                                         
VDD                                        |VDD                                        
VSS                                        |VSS                                        
---------------------------------------------------------------------------------------
Cell pin lists are equivalent.
Device classes sg13cmos5l_o21ai_1 and sg13cmos5l_o21ai_1 are equivalent.

Cell sg13cmos5l_xor2_1 (0) disconnected node: X
Cell sg13cmos5l_xor2_1 (0) disconnected node: A
Cell sg13cmos5l_xor2_1 (0) disconnected node: B
Cell sg13cmos5l_xor2_1 (0) disconnected node: VDD
Cell sg13cmos5l_xor2_1 (0) disconnected node: VSS

Subcircuit pins:
Circuit 1: sg13cmos5l_xor2_1               |Circuit 2: sg13cmos5l_xor2_1               
-------------------------------------------|-------------------------------------------
X                                          |X                                          
A                                          |A                                          
B                                          |B                                          
VDD                                        |VDD                                        
VSS                                        |VSS                                        
---------------------------------------------------------------------------------------
Cell pin lists are equivalent.
Device classes sg13cmos5l_xor2_1 and sg13cmos5l_xor2_1 are equivalent.

Cell sg13cmos5l_a21oi_1 (0) disconnected node: Y
Cell sg13cmos5l_a21oi_1 (0) disconnected node: A1
Cell sg13cmos5l_a21oi_1 (0) disconnected node: A2
Cell sg13cmos5l_a21oi_1 (0) disconnected node: B1
Cell sg13cmos5l_a21oi_1 (0) disconnected node: VDD
Cell sg13cmos5l_a21oi_1 (0) disconnected node: VSS

Subcircuit pins:
Circuit 1: sg13cmos5l_a21oi_1              |Circuit 2: sg13cmos5l_a21oi_1              
-------------------------------------------|-------------------------------------------
Y                                          |Y                                          
A1                                         |A1                                         
A2                                         |A2                                         
B1                                         |B1                                         
VDD                                        |VDD                                        
VSS                                        |VSS                                        
---------------------------------------------------------------------------------------
Cell pin lists are equivalent.
Device classes sg13cmos5l_a21oi_1 and sg13cmos5l_a21oi_1 are equivalent.

Cell sg13cmos5l_and2_1 (0) disconnected node: X
Cell sg13cmos5l_and2_1 (0) disconnected node: A
Cell sg13cmos5l_and2_1 (0) disconnected node: B
Cell sg13cmos5l_and2_1 (0) disconnected node: VDD
Cell sg13cmos5l_and2_1 (0) disconnected node: VSS

Subcircuit pins:
Circuit 1: sg13cmos5l_and2_1               |Circuit 2: sg13cmos5l_and2_1               
-------------------------------------------|-------------------------------------------
X                                          |X                                          
A                                          |A                                          
B                                          |B                                          
VDD                                        |VDD                                        
VSS                                        |VSS                                        
---------------------------------------------------------------------------------------
Cell pin lists are equivalent.
Device classes sg13cmos5l_and2_1 and sg13cmos5l_and2_1 are equivalent.

Cell sg13cmos5l_nand2b_1 (0) disconnected node: Y
Cell sg13cmos5l_nand2b_1 (0) disconnected node: A_N
Cell sg13cmos5l_nand2b_1 (0) disconnected node: B
Cell sg13cmos5l_nand2b_1 (0) disconnected node: VDD
Cell sg13cmos5l_nand2b_1 (0) disconnected node: VSS

Subcircuit pins:
Circuit 1: sg13cmos5l_nand2b_1             |Circuit 2: sg13cmos5l_nand2b_1             
-------------------------------------------|-------------------------------------------
Y                                          |Y                                          
A_N                                        |A_N                                        
B                                          |B                                          
VDD                                        |VDD                                        
VSS                                        |VSS                                        
---------------------------------------------------------------------------------------
Cell pin lists are equivalent.
Device classes sg13cmos5l_nand2b_1 and sg13cmos5l_nand2b_1 are equivalent.

Cell sg13cmos5l_or3_1 (0) disconnected node: X
Cell sg13cmos5l_or3_1 (0) disconnected node: A
Cell sg13cmos5l_or3_1 (0) disconnected node: B
Cell sg13cmos5l_or3_1 (0) disconnected node: C
Cell sg13cmos5l_or3_1 (0) disconnected node: VDD
Cell sg13cmos5l_or3_1 (0) disconnected node: VSS

Subcircuit pins:
Circuit 1: sg13cmos5l_or3_1                |Circuit 2: sg13cmos5l_or3_1                
-------------------------------------------|-------------------------------------------
X                                          |X                                          
A                                          |A                                          
B                                          |B                                          
C                                          |C                                          
VDD                                        |VDD                                        
VSS                                        |VSS                                        
---------------------------------------------------------------------------------------
Cell pin lists are equivalent.
Device classes sg13cmos5l_or3_1 and sg13cmos5l_or3_1 are equivalent.

Cell sg13cmos5l_nor4_1 (0) disconnected node: Y
Cell sg13cmos5l_nor4_1 (0) disconnected node: A
Cell sg13cmos5l_nor4_1 (0) disconnected node: B
Cell sg13cmos5l_nor4_1 (0) disconnected node: C
Cell sg13cmos5l_nor4_1 (0) disconnected node: D
Cell sg13cmos5l_nor4_1 (0) disconnected node: VDD
Cell sg13cmos5l_nor4_1 (0) disconnected node: VSS

Subcircuit pins:
Circuit 1: sg13cmos5l_nor4_1               |Circuit 2: sg13cmos5l_nor4_1               
-------------------------------------------|-------------------------------------------
Y                                          |Y                                          
A                                          |A                                          
B                                          |B                                          
C                                          |C                                          
D                                          |D                                          
VDD                                        |VDD                                        
VSS                                        |VSS                                        
---------------------------------------------------------------------------------------
Cell pin lists are equivalent.
Device classes sg13cmos5l_nor4_1 and sg13cmos5l_nor4_1 are equivalent.

Cell sg13cmos5l_a22oi_1 (0) disconnected node: Y
Cell sg13cmos5l_a22oi_1 (0) disconnected node: A1
Cell sg13cmos5l_a22oi_1 (0) disconnected node: A2
Cell sg13cmos5l_a22oi_1 (0) disconnected node: B1
Cell sg13cmos5l_a22oi_1 (0) disconnected node: B2
Cell sg13cmos5l_a22oi_1 (0) disconnected node: VDD
Cell sg13cmos5l_a22oi_1 (0) disconnected node: VSS

Subcircuit pins:
Circuit 1: sg13cmos5l_a22oi_1              |Circuit 2: sg13cmos5l_a22oi_1              
-------------------------------------------|-------------------------------------------
Y                                          |Y                                          
A1                                         |A1                                         
A2                                         |A2                                         
B1                                         |B1                                         
B2                                         |B2                                         
VDD                                        |VDD                                        
VSS                                        |VSS                                        
---------------------------------------------------------------------------------------
Cell pin lists are equivalent.
Device classes sg13cmos5l_a22oi_1 and sg13cmos5l_a22oi_1 are equivalent.

Cell sg13cmos5l_xnor2_1 (0) disconnected node: Y
Cell sg13cmos5l_xnor2_1 (0) disconnected node: A
Cell sg13cmos5l_xnor2_1 (0) disconnected node: B
Cell sg13cmos5l_xnor2_1 (0) disconnected node: VDD
Cell sg13cmos5l_xnor2_1 (0) disconnected node: VSS

Subcircuit pins:
Circuit 1: sg13cmos5l_xnor2_1              |Circuit 2: sg13cmos5l_xnor2_1              
-------------------------------------------|-------------------------------------------
Y                                          |Y                                          
A                                          |A                                          
B                                          |B                                          
VDD                                        |VDD                                        
VSS                                        |VSS                                        
---------------------------------------------------------------------------------------
Cell pin lists are equivalent.
Device classes sg13cmos5l_xnor2_1 and sg13cmos5l_xnor2_1 are equivalent.

Cell sg13cmos5l_nand2_1 (0) disconnected node: Y
Cell sg13cmos5l_nand2_1 (0) disconnected node: A
Cell sg13cmos5l_nand2_1 (0) disconnected node: B
Cell sg13cmos5l_nand2_1 (0) disconnected node: VDD
Cell sg13cmos5l_nand2_1 (0) disconnected node: VSS

Subcircuit pins:
Circuit 1: sg13cmos5l_nand2_1              |Circuit 2: sg13cmos5l_nand2_1              
-------------------------------------------|-------------------------------------------
Y                                          |Y                                          
A                                          |A                                          
B                                          |B                                          
VDD                                        |VDD                                        
VSS                                        |VSS                                        
---------------------------------------------------------------------------------------
Cell pin lists are equivalent.
Device classes sg13cmos5l_nand2_1 and sg13cmos5l_nand2_1 are equivalent.

Cell sg13cmos5l_inv_1 (0) disconnected node: Y
Cell sg13cmos5l_inv_1 (0) disconnected node: A
Cell sg13cmos5l_inv_1 (0) disconnected node: VDD
Cell sg13cmos5l_inv_1 (0) disconnected node: VSS

Subcircuit pins:
Circuit 1: sg13cmos5l_inv_1                |Circuit 2: sg13cmos5l_inv_1                
-------------------------------------------|-------------------------------------------
Y                                          |Y                                          
A                                          |A                                          
VDD                                        |VDD                                        
VSS                                        |VSS                                        
---------------------------------------------------------------------------------------
Cell pin lists are equivalent.
Device classes sg13cmos5l_inv_1 and sg13cmos5l_inv_1 are equivalent.

Cell sg13cmos5l_a21o_1 (0) disconnected node: X
Cell sg13cmos5l_a21o_1 (0) disconnected node: A1
Cell sg13cmos5l_a21o_1 (0) disconnected node: A2
Cell sg13cmos5l_a21o_1 (0) disconnected node: B1
Cell sg13cmos5l_a21o_1 (0) disconnected node: VDD
Cell sg13cmos5l_a21o_1 (0) disconnected node: VSS

Subcircuit pins:
Circuit 1: sg13cmos5l_a21o_1               |Circuit 2: sg13cmos5l_a21o_1               
-------------------------------------------|-------------------------------------------
X                                          |X                                          
A1                                         |A1                                         
A2                                         |A2                                         
B1                                         |B1                                         
VDD                                        |VDD                                        
VSS                                        |VSS                                        
---------------------------------------------------------------------------------------
Cell pin lists are equivalent.
Device classes sg13cmos5l_a21o_1 and sg13cmos5l_a21o_1 are equivalent.

Cell sg13cmos5l_a221oi_1 (0) disconnected node: Y
Cell sg13cmos5l_a221oi_1 (0) disconnected node: A1
Cell sg13cmos5l_a221oi_1 (0) disconnected node: A2
Cell sg13cmos5l_a221oi_1 (0) disconnected node: B1
Cell sg13cmos5l_a221oi_1 (0) disconnected node: B2
Cell sg13cmos5l_a221oi_1 (0) disconnected node: C1
Cell sg13cmos5l_a221oi_1 (0) disconnected node: VDD
Cell sg13cmos5l_a221oi_1 (0) disconnected node: VSS

Subcircuit pins:
Circuit 1: sg13cmos5l_a221oi_1             |Circuit 2: sg13cmos5l_a221oi_1             
-------------------------------------------|-------------------------------------------
Y                                          |Y                                          
A1                                         |A1                                         
A2                                         |A2                                         
B1                                         |B1                                         
B2                                         |B2                                         
C1                                         |C1                                         
VDD                                        |VDD                                        
VSS                                        |VSS                                        
---------------------------------------------------------------------------------------
Cell pin lists are equivalent.
Device classes sg13cmos5l_a221oi_1 and sg13cmos5l_a221oi_1 are equivalent.

Cell sg13cmos5l_buf_1 (0) disconnected node: X
Cell sg13cmos5l_buf_1 (0) disconnected node: A
Cell sg13cmos5l_buf_1 (0) disconnected node: VDD
Cell sg13cmos5l_buf_1 (0) disconnected node: VSS

Subcircuit pins:
Circuit 1: sg13cmos5l_buf_1                |Circuit 2: sg13cmos5l_buf_1                
-------------------------------------------|-------------------------------------------
X                                          |X                                          
A                                          |A                                          
VDD                                        |VDD                                        
VSS                                        |VSS                                        
---------------------------------------------------------------------------------------
Cell pin lists are equivalent.
Device classes sg13cmos5l_buf_1 and sg13cmos5l_buf_1 are equivalent.

Cell sg13cmos5l_decap_4 (0) disconnected node: VDD
Cell sg13cmos5l_decap_4 (0) disconnected node: VSS

Subcircuit pins:
Circuit 1: sg13cmos5l_decap_4              |Circuit 2: sg13cmos5l_decap_4              
-------------------------------------------|-------------------------------------------
VDD                                        |VDD                                        
VSS                                        |VSS                                        
---------------------------------------------------------------------------------------
Cell pin lists are equivalent.
Device classes sg13cmos5l_decap_4 and sg13cmos5l_decap_4 are equivalent.

Cell sg13cmos5l_nor2b_1 (0) disconnected node: Y
Cell sg13cmos5l_nor2b_1 (0) disconnected node: A
Cell sg13cmos5l_nor2b_1 (0) disconnected node: B_N
Cell sg13cmos5l_nor2b_1 (0) disconnected node: VDD
Cell sg13cmos5l_nor2b_1 (0) disconnected node: VSS

Subcircuit pins:
Circuit 1: sg13cmos5l_nor2b_1              |Circuit 2: sg13cmos5l_nor2b_1              
-------------------------------------------|-------------------------------------------
Y                                          |Y                                          
A                                          |A                                          
B_N                                        |B_N                                        
VDD                                        |VDD                                        
VSS                                        |VSS                                        
---------------------------------------------------------------------------------------
Cell pin lists are equivalent.
Device classes sg13cmos5l_nor2b_1 and sg13cmos5l_nor2b_1 are equivalent.

Cell sg13cmos5l_nor3_1 (0) disconnected node: Y
Cell sg13cmos5l_nor3_1 (0) disconnected node: A
Cell sg13cmos5l_nor3_1 (0) disconnected node: B
Cell sg13cmos5l_nor3_1 (0) disconnected node: C
Cell sg13cmos5l_nor3_1 (0) disconnected node: VDD
Cell sg13cmos5l_nor3_1 (0) disconnected node: VSS

Subcircuit pins:
Circuit 1: sg13cmos5l_nor3_1               |Circuit 2: sg13cmos5l_nor3_1               
-------------------------------------------|-------------------------------------------
Y                                          |Y                                          
A                                          |A                                          
B                                          |B                                          
C                                          |C                                          
VDD                                        |VDD                                        
VSS                                        |VSS                                        
---------------------------------------------------------------------------------------
Cell pin lists are equivalent.
Device classes sg13cmos5l_nor3_1 and sg13cmos5l_nor3_1 are equivalent.

Cell sg13cmos5l_mux2_1 (0) disconnected node: X
Cell sg13cmos5l_mux2_1 (0) disconnected node: A0
Cell sg13cmos5l_mux2_1 (0) disconnected node: A1
Cell sg13cmos5l_mux2_1 (0) disconnected node: S
Cell sg13cmos5l_mux2_1 (0) disconnected node: VDD
Cell sg13cmos5l_mux2_1 (0) disconnected node: VSS

Subcircuit pins:
Circuit 1: sg13cmos5l_mux2_1               |Circuit 2: sg13cmos5l_mux2_1               
-------------------------------------------|-------------------------------------------
X                                          |X                                          
A0                                         |A0                                         
A1                                         |A1                                         
S                                          |S                                          
VDD                                        |VDD                                        
VSS                                        |VSS                                        
---------------------------------------------------------------------------------------
Cell pin lists are equivalent.
Device classes sg13cmos5l_mux2_1 and sg13cmos5l_mux2_1 are equivalent.

Cell sg13cmos5l_tielo (0) disconnected node: L_LO
Cell sg13cmos5l_tielo (0) disconnected node: VDD
Cell sg13cmos5l_tielo (0) disconnected node: VSS

Subcircuit pins:
Circuit 1: sg13cmos5l_tielo                |Circuit 2: sg13cmos5l_tielo                
-------------------------------------------|-------------------------------------------
L_LO                                       |L_LO                                       
VDD                                        |VDD                                        
VSS                                        |VSS                                        
---------------------------------------------------------------------------------------
Cell pin lists are equivalent.
Device classes sg13cmos5l_tielo and sg13cmos5l_tielo are equivalent.

Cell sg13cmos5l_buf_8 (0) disconnected node: X
Cell sg13cmos5l_buf_8 (0) disconnected node: A
Cell sg13cmos5l_buf_8 (0) disconnected node: VDD
Cell sg13cmos5l_buf_8 (0) disconnected node: VSS

Subcircuit pins:
Circuit 1: sg13cmos5l_buf_8                |Circuit 2: sg13cmos5l_buf_8                
-------------------------------------------|-------------------------------------------
X                                          |X                                          
A                                          |A                                          
VDD                                        |VDD                                        
VSS                                        |VSS                                        
---------------------------------------------------------------------------------------
Cell pin lists are equivalent.
Device classes sg13cmos5l_buf_8 and sg13cmos5l_buf_8 are equivalent.

Cell sg13cmos5l_nand4_1 (0) disconnected node: Y
Cell sg13cmos5l_nand4_1 (0) disconnected node: A
Cell sg13cmos5l_nand4_1 (0) disconnected node: B
Cell sg13cmos5l_nand4_1 (0) disconnected node: C
Cell sg13cmos5l_nand4_1 (0) disconnected node: D
Cell sg13cmos5l_nand4_1 (0) disconnected node: VDD
Cell sg13cmos5l_nand4_1 (0) disconnected node: VSS

Subcircuit pins:
Circuit 1: sg13cmos5l_nand4_1              |Circuit 2: sg13cmos5l_nand4_1              
-------------------------------------------|-------------------------------------------
Y                                          |Y                                          
A                                          |A                                          
B                                          |B                                          
C                                          |C                                          
D                                          |D                                          
VDD                                        |VDD                                        
VSS                                        |VSS                                        
---------------------------------------------------------------------------------------
Cell pin lists are equivalent.
Device classes sg13cmos5l_nand4_1 and sg13cmos5l_nand4_1 are equivalent.

Cell sg13cmos5l_or2_1 (0) disconnected node: X
Cell sg13cmos5l_or2_1 (0) disconnected node: A
Cell sg13cmos5l_or2_1 (0) disconnected node: B
Cell sg13cmos5l_or2_1 (0) disconnected node: VDD
Cell sg13cmos5l_or2_1 (0) disconnected node: VSS

Subcircuit pins:
Circuit 1: sg13cmos5l_or2_1                |Circuit 2: sg13cmos5l_or2_1                
-------------------------------------------|-------------------------------------------
X                                          |X                                          
A                                          |A                                          
B                                          |B                                          
VDD                                        |VDD                                        
VSS                                        |VSS                                        
---------------------------------------------------------------------------------------
Cell pin lists are equivalent.
Device classes sg13cmos5l_or2_1 and sg13cmos5l_or2_1 are equivalent.

Cell sg13cmos5l_dlygate4sd3_1 (0) disconnected node: X
Cell sg13cmos5l_dlygate4sd3_1 (0) disconnected node: A
Cell sg13cmos5l_dlygate4sd3_1 (0) disconnected node: VDD
Cell sg13cmos5l_dlygate4sd3_1 (0) disconnected node: VSS

Subcircuit pins:
Circuit 1: sg13cmos5l_dlygate4sd3_1        |Circuit 2: sg13cmos5l_dlygate4sd3_1        
-------------------------------------------|-------------------------------------------
X                                          |X                                          
A                                          |A                                          
VDD                                        |VDD                                        
VSS                                        |VSS                                        
---------------------------------------------------------------------------------------
Cell pin lists are equivalent.
Device classes sg13cmos5l_dlygate4sd3_1 and sg13cmos5l_dlygate4sd3_1 are equivalent.

Cell sg13cmos5l_nand3b_1 (0) disconnected node: Y
Cell sg13cmos5l_nand3b_1 (0) disconnected node: A_N
Cell sg13cmos5l_nand3b_1 (0) disconnected node: B
Cell sg13cmos5l_nand3b_1 (0) disconnected node: C
Cell sg13cmos5l_nand3b_1 (0) disconnected node: VDD
Cell sg13cmos5l_nand3b_1 (0) disconnected node: VSS

Subcircuit pins:
Circuit 1: sg13cmos5l_nand3b_1             |Circuit 2: sg13cmos5l_nand3b_1             
-------------------------------------------|-------------------------------------------
Y                                          |Y                                          
A_N                                        |A_N                                        
B                                          |B                                          
C                                          |C                                          
VDD                                        |VDD                                        
VSS                                        |VSS                                        
---------------------------------------------------------------------------------------
Cell pin lists are equivalent.
Device classes sg13cmos5l_nand3b_1 and sg13cmos5l_nand3b_1 are equivalent.

Cell sg13cmos5l_and3_1 (0) disconnected node: X
Cell sg13cmos5l_and3_1 (0) disconnected node: A
Cell sg13cmos5l_and3_1 (0) disconnected node: B
Cell sg13cmos5l_and3_1 (0) disconnected node: C
Cell sg13cmos5l_and3_1 (0) disconnected node: VDD
Cell sg13cmos5l_and3_1 (0) disconnected node: VSS

Subcircuit pins:
Circuit 1: sg13cmos5l_and3_1               |Circuit 2: sg13cmos5l_and3_1               
-------------------------------------------|-------------------------------------------
X                                          |X                                          
A                                          |A                                          
B                                          |B                                          
C                                          |C                                          
VDD                                        |VDD                                        
VSS                                        |VSS                                        
---------------------------------------------------------------------------------------
Cell pin lists are equivalent.
Device classes sg13cmos5l_and3_1 and sg13cmos5l_and3_1 are equivalent.

Cell sg13cmos5l_inv_2 (0) disconnected node: Y
Cell sg13cmos5l_inv_2 (0) disconnected node: A
Cell sg13cmos5l_inv_2 (0) disconnected node: VDD
Cell sg13cmos5l_inv_2 (0) disconnected node: VSS

Subcircuit pins:
Circuit 1: sg13cmos5l_inv_2                |Circuit 2: sg13cmos5l_inv_2                
-------------------------------------------|-------------------------------------------
Y                                          |Y                                          
A                                          |A                                          
VDD                                        |VDD                                        
VSS                                        |VSS                                        
---------------------------------------------------------------------------------------
Cell pin lists are equivalent.
Device classes sg13cmos5l_inv_2 and sg13cmos5l_inv_2 are equivalent.

Cell sg13cmos5l_inv_4 (0) disconnected node: Y
Cell sg13cmos5l_inv_4 (0) disconnected node: A
Cell sg13cmos5l_inv_4 (0) disconnected node: VDD
Cell sg13cmos5l_inv_4 (0) disconnected node: VSS

Subcircuit pins:
Circuit 1: sg13cmos5l_inv_4                |Circuit 2: sg13cmos5l_inv_4                
-------------------------------------------|-------------------------------------------
Y                                          |Y                                          
A                                          |A                                          
VDD                                        |VDD                                        
VSS                                        |VSS                                        
---------------------------------------------------------------------------------------
Cell pin lists are equivalent.
Device classes sg13cmos5l_inv_4 and sg13cmos5l_inv_4 are equivalent.

Cell sg13cmos5l_or4_1 (0) disconnected node: X
Cell sg13cmos5l_or4_1 (0) disconnected node: A
Cell sg13cmos5l_or4_1 (0) disconnected node: B
Cell sg13cmos5l_or4_1 (0) disconnected node: C
Cell sg13cmos5l_or4_1 (0) disconnected node: D
Cell sg13cmos5l_or4_1 (0) disconnected node: VDD
Cell sg13cmos5l_or4_1 (0) disconnected node: VSS

Subcircuit pins:
Circuit 1: sg13cmos5l_or4_1                |Circuit 2: sg13cmos5l_or4_1                
-------------------------------------------|-------------------------------------------
X                                          |X                                          
A                                          |A                                          
B                                          |B                                          
C                                          |C                                          
D                                          |D                                          
VDD                                        |VDD                                        
VSS                                        |VSS                                        
---------------------------------------------------------------------------------------
Cell pin lists are equivalent.
Device classes sg13cmos5l_or4_1 and sg13cmos5l_or4_1 are equivalent.

Cell sg13cmos5l_and4_1 (0) disconnected node: X
Cell sg13cmos5l_and4_1 (0) disconnected node: A
Cell sg13cmos5l_and4_1 (0) disconnected node: B
Cell sg13cmos5l_and4_1 (0) disconnected node: C
Cell sg13cmos5l_and4_1 (0) disconnected node: D
Cell sg13cmos5l_and4_1 (0) disconnected node: VDD
Cell sg13cmos5l_and4_1 (0) disconnected node: VSS

Subcircuit pins:
Circuit 1: sg13cmos5l_and4_1               |Circuit 2: sg13cmos5l_and4_1               
-------------------------------------------|-------------------------------------------
X                                          |X                                          
A                                          |A                                          
B                                          |B                                          
C                                          |C                                          
D                                          |D                                          
VDD                                        |VDD                                        
VSS                                        |VSS                                        
---------------------------------------------------------------------------------------
Cell pin lists are equivalent.
Device classes sg13cmos5l_and4_1 and sg13cmos5l_and4_1 are equivalent.

Cell sg13cmos5l_inv_8 (0) disconnected node: Y
Cell sg13cmos5l_inv_8 (0) disconnected node: A
Cell sg13cmos5l_inv_8 (0) disconnected node: VDD
Cell sg13cmos5l_inv_8 (0) disconnected node: VSS

Subcircuit pins:
Circuit 1: sg13cmos5l_inv_8                |Circuit 2: sg13cmos5l_inv_8                
-------------------------------------------|-------------------------------------------
Y                                          |Y                                          
A                                          |A                                          
VDD                                        |VDD                                        
VSS                                        |VSS                                        
---------------------------------------------------------------------------------------
Cell pin lists are equivalent.
Device classes sg13cmos5l_inv_8 and sg13cmos5l_inv_8 are equivalent.

Cell sg13cmos5l_antennanp (0) disconnected node: A
Cell sg13cmos5l_antennanp (0) disconnected node: VDD
Cell sg13cmos5l_antennanp (0) disconnected node: VSS

Subcircuit pins:
Circuit 1: sg13cmos5l_antennanp            |Circuit 2: sg13cmos5l_antennanp            
-------------------------------------------|-------------------------------------------
A                                          |A                                          
VDD                                        |VDD                                        
VSS                                        |VSS                                        
---------------------------------------------------------------------------------------
Cell pin lists are equivalent.
Device classes sg13cmos5l_antennanp and sg13cmos5l_antennanp are equivalent.

Cell heichips26_digital_project (0) disconnected node: ena
Cell heichips26_digital_project (0) disconnected node: ui_in[10]
Cell heichips26_digital_project (0) disconnected node: ui_in[11]
Cell heichips26_digital_project (0) disconnected node: ui_in[12]
Cell heichips26_digital_project (0) disconnected node: ui_in[13]
Cell heichips26_digital_project (0) disconnected node: ui_in[14]
Cell heichips26_digital_project (0) disconnected node: ui_in[15]
Cell heichips26_digital_project (0) disconnected node: ui_in[8]
Cell heichips26_digital_project (0) disconnected node: ui_in[9]
Cell heichips26_digital_project (0) disconnected node: uio_in[0]
Cell heichips26_digital_project (0) disconnected node: uio_in[10]
Cell heichips26_digital_project (0) disconnected node: uio_in[11]
Cell heichips26_digital_project (0) disconnected node: uio_in[12]
Cell heichips26_digital_project (0) disconnected node: uio_in[13]
Cell heichips26_digital_project (0) disconnected node: uio_in[14]
Cell heichips26_digital_project (0) disconnected node: uio_in[15]
Cell heichips26_digital_project (0) disconnected node: uio_in[1]
Cell heichips26_digital_project (0) disconnected node: uio_in[2]
Cell heichips26_digital_project (0) disconnected node: uio_in[3]
Cell heichips26_digital_project (0) disconnected node: uio_in[4]
Cell heichips26_digital_project (0) disconnected node: uio_in[5]
Cell heichips26_digital_project (0) disconnected node: uio_in[6]
Cell heichips26_digital_project (0) disconnected node: uio_in[7]
Cell heichips26_digital_project (0) disconnected node: uio_in[8]
Cell heichips26_digital_project (0) disconnected node: uio_in[9]
Cell heichips26_digital_project (1) disconnected node: ena
Cell heichips26_digital_project (1) disconnected node: ui_in[15]
Cell heichips26_digital_project (1) disconnected node: ui_in[14]
Cell heichips26_digital_project (1) disconnected node: ui_in[13]
Cell heichips26_digital_project (1) disconnected node: ui_in[12]
Cell heichips26_digital_project (1) disconnected node: ui_in[11]
Cell heichips26_digital_project (1) disconnected node: ui_in[10]
Cell heichips26_digital_project (1) disconnected node: ui_in[9]
Cell heichips26_digital_project (1) disconnected node: ui_in[8]
Cell heichips26_digital_project (1) disconnected node: uio_in[15]
Cell heichips26_digital_project (1) disconnected node: uio_in[14]
Cell heichips26_digital_project (1) disconnected node: uio_in[13]
Cell heichips26_digital_project (1) disconnected node: uio_in[12]
Cell heichips26_digital_project (1) disconnected node: uio_in[11]
Cell heichips26_digital_project (1) disconnected node: uio_in[10]
Cell heichips26_digital_project (1) disconnected node: uio_in[9]
Cell heichips26_digital_project (1) disconnected node: uio_in[8]
Cell heichips26_digital_project (1) disconnected node: uio_in[7]
Cell heichips26_digital_project (1) disconnected node: uio_in[6]
Cell heichips26_digital_project (1) disconnected node: uio_in[5]
Cell heichips26_digital_project (1) disconnected node: uio_in[4]
Cell heichips26_digital_project (1) disconnected node: uio_in[3]
Cell heichips26_digital_project (1) disconnected node: uio_in[2]
Cell heichips26_digital_project (1) disconnected node: uio_in[1]
Cell heichips26_digital_project (1) disconnected node: uio_in[0]
Class heichips26_digital_project (0):  Merged 4452 parallel devices.
Class heichips26_digital_project (1):  Merged 4452 parallel devices.
Cell heichips26_digital_project (0) disconnected node: ena
Cell heichips26_digital_project (0) disconnected node: ui_in[10]
Cell heichips26_digital_project (0) disconnected node: ui_in[11]
Cell heichips26_digital_project (0) disconnected node: ui_in[12]
Cell heichips26_digital_project (0) disconnected node: ui_in[13]
Cell heichips26_digital_project (0) disconnected node: ui_in[14]
Cell heichips26_digital_project (0) disconnected node: ui_in[15]
Cell heichips26_digital_project (0) disconnected node: ui_in[8]
Cell heichips26_digital_project (0) disconnected node: ui_in[9]
Cell heichips26_digital_project (0) disconnected node: uio_in[0]
Cell heichips26_digital_project (0) disconnected node: uio_in[10]
Cell heichips26_digital_project (0) disconnected node: uio_in[11]
Cell heichips26_digital_project (0) disconnected node: uio_in[12]
Cell heichips26_digital_project (0) disconnected node: uio_in[13]
Cell heichips26_digital_project (0) disconnected node: uio_in[14]
Cell heichips26_digital_project (0) disconnected node: uio_in[15]
Cell heichips26_digital_project (0) disconnected node: uio_in[1]
Cell heichips26_digital_project (0) disconnected node: uio_in[2]
Cell heichips26_digital_project (0) disconnected node: uio_in[3]
Cell heichips26_digital_project (0) disconnected node: uio_in[4]
Cell heichips26_digital_project (0) disconnected node: uio_in[5]
Cell heichips26_digital_project (0) disconnected node: uio_in[6]
Cell heichips26_digital_project (0) disconnected node: uio_in[7]
Cell heichips26_digital_project (0) disconnected node: uio_in[8]
Cell heichips26_digital_project (0) disconnected node: uio_in[9]
Cell heichips26_digital_project (1) disconnected node: ena
Cell heichips26_digital_project (1) disconnected node: ui_in[15]
Cell heichips26_digital_project (1) disconnected node: ui_in[14]
Cell heichips26_digital_project (1) disconnected node: ui_in[13]
Cell heichips26_digital_project (1) disconnected node: ui_in[12]
Cell heichips26_digital_project (1) disconnected node: ui_in[11]
Cell heichips26_digital_project (1) disconnected node: ui_in[10]
Cell heichips26_digital_project (1) disconnected node: ui_in[9]
Cell heichips26_digital_project (1) disconnected node: ui_in[8]
Cell heichips26_digital_project (1) disconnected node: uio_in[15]
Cell heichips26_digital_project (1) disconnected node: uio_in[14]
Cell heichips26_digital_project (1) disconnected node: uio_in[13]
Cell heichips26_digital_project (1) disconnected node: uio_in[12]
Cell heichips26_digital_project (1) disconnected node: uio_in[11]
Cell heichips26_digital_project (1) disconnected node: uio_in[10]
Cell heichips26_digital_project (1) disconnected node: uio_in[9]
Cell heichips26_digital_project (1) disconnected node: uio_in[8]
Cell heichips26_digital_project (1) disconnected node: uio_in[7]
Cell heichips26_digital_project (1) disconnected node: uio_in[6]
Cell heichips26_digital_project (1) disconnected node: uio_in[5]
Cell heichips26_digital_project (1) disconnected node: uio_in[4]
Cell heichips26_digital_project (1) disconnected node: uio_in[3]
Cell heichips26_digital_project (1) disconnected node: uio_in[2]
Cell heichips26_digital_project (1) disconnected node: uio_in[1]
Cell heichips26_digital_project (1) disconnected node: uio_in[0]
Subcircuit summary:
Circuit 1: heichips26_digital_project      |Circuit 2: heichips26_digital_project      
-------------------------------------------|-------------------------------------------
sg13cmos5l_fill_2 (1705->1)                |sg13cmos5l_fill_2 (1705->1)                
sg13cmos5l_dfrbpq_1 (1254)                 |sg13cmos5l_dfrbpq_1 (1254)                 
sg13cmos5l_decap_8 (477->1)                |sg13cmos5l_decap_8 (477->1)                
sg13cmos5l_tiehi (1270)                    |sg13cmos5l_tiehi (1270)                    
sg13cmos5l_fill_1 (1889->1)                |sg13cmos5l_fill_1 (1889->1)                
sg13cmos5l_nor2_1 (1406)                   |sg13cmos5l_nor2_1 (1406)                   
sg13cmos5l_nand3_1 (245)                   |sg13cmos5l_nand3_1 (245)                   
sg13cmos5l_o21ai_1 (964)                   |sg13cmos5l_o21ai_1 (964)                   
sg13cmos5l_xor2_1 (245)                    |sg13cmos5l_xor2_1 (245)                    
sg13cmos5l_a21oi_1 (937)                   |sg13cmos5l_a21oi_1 (937)                   
sg13cmos5l_and2_1 (522)                    |sg13cmos5l_and2_1 (522)                    
sg13cmos5l_nand2b_1 (204)                  |sg13cmos5l_nand2b_1 (204)                  
sg13cmos5l_or3_1 (92)                      |sg13cmos5l_or3_1 (92)                      
sg13cmos5l_nor4_1 (114)                    |sg13cmos5l_nor4_1 (114)                    
sg13cmos5l_a22oi_1 (401)                   |sg13cmos5l_a22oi_1 (401)                   
sg13cmos5l_xnor2_1 (532)                   |sg13cmos5l_xnor2_1 (532)                   
sg13cmos5l_nand2_1 (668)                   |sg13cmos5l_nand2_1 (668)                   
sg13cmos5l_inv_1 (691)                     |sg13cmos5l_inv_1 (691)                     
sg13cmos5l_a21o_1 (300)                    |sg13cmos5l_a21o_1 (300)                    
sg13cmos5l_a221oi_1 (332)                  |sg13cmos5l_a221oi_1 (332)                  
sg13cmos5l_buf_1 (406)                     |sg13cmos5l_buf_1 (406)                     
sg13cmos5l_decap_4 (385->1)                |sg13cmos5l_decap_4 (385->1)                
sg13cmos5l_nor2b_1 (199)                   |sg13cmos5l_nor2b_1 (199)                   
sg13cmos5l_nor3_1 (195)                    |sg13cmos5l_nor3_1 (195)                    
sg13cmos5l_mux2_1 (251)                    |sg13cmos5l_mux2_1 (251)                    
sg13cmos5l_tielo (140)                     |sg13cmos5l_tielo (140)                     
sg13cmos5l_buf_8 (126)                     |sg13cmos5l_buf_8 (126)                     
sg13cmos5l_nand4_1 (31)                    |sg13cmos5l_nand4_1 (31)                    
sg13cmos5l_or2_1 (164)                     |sg13cmos5l_or2_1 (164)                     
sg13cmos5l_dlygate4sd3_1 (1247)            |sg13cmos5l_dlygate4sd3_1 (1247)            
sg13cmos5l_nand3b_1 (71)                   |sg13cmos5l_nand3b_1 (71)                   
sg13cmos5l_and3_1 (45)                     |sg13cmos5l_and3_1 (45)                     
sg13cmos5l_inv_2 (24)                      |sg13cmos5l_inv_2 (24)                      
sg13cmos5l_inv_4 (8)                       |sg13cmos5l_inv_4 (8)                       
sg13cmos5l_or4_1 (2)                       |sg13cmos5l_or4_1 (2)                       
sg13cmos5l_and4_1 (2)                      |sg13cmos5l_and4_1 (2)                      
sg13cmos5l_inv_8 (3)                       |sg13cmos5l_inv_8 (3)                       
sg13cmos5l_antennanp (1)                   |sg13cmos5l_antennanp (1)                   
Number of devices: 13096                   |Number of devices: 13096                   
Number of nets: 13103                      |Number of nets: 13103                      
---------------------------------------------------------------------------------------
Resolving symmetries by property value.
Resolving symmetries by pin name.
Netlists match uniquely.

Subcircuit pins:
Circuit 1: heichips26_digital_project      |Circuit 2: heichips26_digital_project      
-------------------------------------------|-------------------------------------------
clk                                        |clk                                        
uio_oe[2]                                  |uio_oe[2]                                  
uio_oe[1]                                  |uio_oe[1]                                  
uio_oe[0]                                  |uio_oe[0]                                  
uio_oe[12]                                 |uio_oe[12]                                 
uio_oe[11]                                 |uio_oe[11]                                 
uio_oe[10]                                 |uio_oe[10]                                 
uio_oe[9]                                  |uio_oe[9]                                  
uio_oe[8]                                  |uio_oe[8]                                  
uio_oe[7]                                  |uio_oe[7]                                  
uio_oe[6]                                  |uio_oe[6]                                  
uio_oe[5]                                  |uio_oe[5]                                  
uio_oe[15]                                 |uio_oe[15]                                 
uio_oe[4]                                  |uio_oe[4]                                  
uio_oe[14]                                 |uio_oe[14]                                 
uio_oe[3]                                  |uio_oe[3]                                  
uio_oe[13]                                 |uio_oe[13]                                 
uio_out[3]                                 |uio_out[3]                                 
uio_out[9]                                 |uio_out[9]                                 
uio_out[8]                                 |uio_out[8]                                 
uo_out[10]                                 |uo_out[10]                                 
uio_out[7]                                 |uio_out[7]                                 
uo_out[9]                                  |uo_out[9]                                  
uio_out[6]                                 |uio_out[6]                                 
uo_out[8]                                  |uo_out[8]                                  
uio_out[5]                                 |uio_out[5]                                 
uo_out[7]                                  |uo_out[7]                                  
uio_out[15]                                |uio_out[15]                                
uio_out[4]                                 |uio_out[4]                                 
uio_out[14]                                |uio_out[14]                                
uo_out[15]                                 |uo_out[15]                                 
uio_out[13]                                |uio_out[13]                                
uo_out[14]                                 |uo_out[14]                                 
uio_out[12]                                |uio_out[12]                                
uo_out[13]                                 |uo_out[13]                                 
uio_out[11]                                |uio_out[11]                                
uo_out[12]                                 |uo_out[12]                                 
uio_out[10]                                |uio_out[10]                                
uo_out[11]                                 |uo_out[11]                                 
ui_in[3]                                   |ui_in[3]                                   
rst_n                                      |rst_n                                      
ui_in[5]                                   |ui_in[5]                                   
ui_in[4]                                   |ui_in[4]                                   
ui_in[0]                                   |ui_in[0]                                   
ui_in[1]                                   |ui_in[1]                                   
ui_in[2]                                   |ui_in[2]                                   
ui_in[6]                                   |ui_in[6]                                   
ui_in[7]                                   |ui_in[7]                                   
uio_out[2]                                 |uio_out[2]                                 
uio_out[0]                                 |uio_out[0]                                 
uio_out[1]                                 |uio_out[1]                                 
uo_out[5]                                  |uo_out[5]                                  
uo_out[4]                                  |uo_out[4]                                  
uo_out[3]                                  |uo_out[3]                                  
uo_out[2]                                  |uo_out[2]                                  
uo_out[1]                                  |uo_out[1]                                  
uo_out[0]                                  |uo_out[0]                                  
uo_out[6]                                  |uo_out[6]                                  
VPWR                                       |VPWR                                       
VGND                                       |VGND                                       
ena                                        |ena                                        
ui_in[10]                                  |ui_in[10]                                  
ui_in[11]                                  |ui_in[11]                                  
ui_in[12]                                  |ui_in[12]                                  
ui_in[13]                                  |ui_in[13]                                  
ui_in[14]                                  |ui_in[14]                                  
ui_in[15]                                  |ui_in[15]                                  
ui_in[8]                                   |ui_in[8]                                   
ui_in[9]                                   |ui_in[9]                                   
uio_in[0]                                  |uio_in[0]                                  
uio_in[10]                                 |uio_in[10]                                 
uio_in[11]                                 |uio_in[11]                                 
uio_in[12]                                 |uio_in[12]                                 
uio_in[13]                                 |uio_in[13]                                 
uio_in[14]                                 |uio_in[14]                                 
uio_in[15]                                 |uio_in[15]                                 
uio_in[1]                                  |uio_in[1]                                  
uio_in[2]                                  |uio_in[2]                                  
uio_in[3]                                  |uio_in[3]                                  
uio_in[4]                                  |uio_in[4]                                  
uio_in[5]                                  |uio_in[5]                                  
uio_in[6]                                  |uio_in[6]                                  
uio_in[7]                                  |uio_in[7]                                  
uio_in[8]                                  |uio_in[8]                                  
uio_in[9]                                  |uio_in[9]                                  
---------------------------------------------------------------------------------------
Cell pin lists are equivalent.
Device classes heichips26_digital_project and heichips26_digital_project are equivalent.

Final result: Circuits match uniquely.
.
