156. Printing statistics.

=== heichips26_digital_project ===

        +----------Local Count, excluding submodules.
        |        +-Local Area, excluding submodules.
        |        | 
    11221        - wires
    11296        - wire bits
     1254        - public wires
     1329        - public wire bits
        8        - ports
       83        - port bits
    11261 1.55E+05 cells
      300  3810.24   sg13cmos5l_a21o_1
      937  8.5E+03   sg13cmos5l_a21oi_1
      332 4.82E+03   sg13cmos5l_a221oi_1
      401 4.35E+03   sg13cmos5l_a22oi_1
      522 4.74E+03   sg13cmos5l_and2_1
       45  571.536   sg13cmos5l_and3_1
        2    29.03   sg13cmos5l_and4_1
        3   21.773   sg13cmos5l_buf_1
     1254 6.14E+04   sg13cmos5l_dfrbpq_1
      672  3657.83   sg13cmos5l_inv_1
      251 4.55E+03   sg13cmos5l_mux2_1
      668 4.85E+03   sg13cmos5l_nand2_1
      204 1.85E+03   sg13cmos5l_nand2b_1
      245  2222.64   sg13cmos5l_nand3_1
       71  901.757   sg13cmos5l_nand3b_1
       31  337.478   sg13cmos5l_nand4_1
     1406 1.02E+04   sg13cmos5l_nor2_1
      199 1.81E+03   sg13cmos5l_nor2b_1
      195  1769.04   sg13cmos5l_nor3_1
      114  1241.05   sg13cmos5l_nor4_1
      964 8.75E+03   sg13cmos5l_o21ai_1
      164 1.49E+03   sg13cmos5l_or2_1
       92 1.17E+03   sg13cmos5l_or3_1
        2    29.03   sg13cmos5l_or4_1
     1270 9.22E+03   sg13cmos5l_tiehi
      140 1.02E+03   sg13cmos5l_tielo
      532 7.72E+03   sg13cmos5l_xnor2_1
      245 3.56E+03   sg13cmos5l_xor2_1

   Chip area for module '\heichips26_digital_project': 154604.381400
     of which used for sequential elements: 61431.955200 (39.73%)

