148. Printing statistics.

=== heichips26_digital_project ===

        +----------Local Count, excluding submodules.
        |        +-Local Area, excluding submodules.
        |        | 
    17103        - wires
    18911        - wire bits
      373        - public wires
     2179        - public wire bits
        8        - ports
       83        - port bits
    18828 6.14E+04 cells
     5918        -   $_ANDNOT_
      508        -   $_AND_
     2587        -   $_MUX_
      771        -   $_NAND_
     1276        -   $_NOR_
     1143        -   $_NOT_
      875        -   $_ORNOT_
     1627        -   $_OR_
      713        -   $_XNOR_
     2156        -   $_XOR_
     1254 6.14E+04   sg13cmos5l_dfrbpq_1

   Area for cell type $_ANDNOT_ is unknown!
   Area for cell type $_AND_ is unknown!
   Area for cell type $_MUX_ is unknown!
   Area for cell type $_NAND_ is unknown!
   Area for cell type $_NOR_ is unknown!
   Area for cell type $_NOT_ is unknown!
   Area for cell type $_ORNOT_ is unknown!
   Area for cell type $_OR_ is unknown!
   Area for cell type $_XNOR_ is unknown!
   Area for cell type $_XOR_ is unknown!

   Chip area for module '\heichips26_digital_project': 61431.955200
     of which used for sequential elements: 61431.955200 (100.00%)

