142. Printing statistics.

=== heichips26_digital_project ===

        +----------Local Count, excluding submodules.
        | 
    15752 wires
    17560 wire bits
      373 public wires
     2179 public wire bits
        8 ports
       83 port bits
    17477 cells
     5918   $_ANDNOT_
      508   $_AND_
        9   $_DFF_P_
     1236   $_MUX_
      771   $_NAND_
     1276   $_NOR_
     1143   $_NOT_
      875   $_ORNOT_
     1627   $_OR_
       99   $_SDFFE_PN0P_
        7   $_SDFFE_PP0P_
      117   $_SDFF_PN0_
     1022   $_SDFF_PP0_
      713   $_XNOR_
     2156   $_XOR_

   Area for cell type $_ANDNOT_ is unknown!
   Area for cell type $_AND_ is unknown!
   Area for cell type $_DFF_P_ is unknown!
   Area for cell type $_MUX_ is unknown!
   Area for cell type $_NAND_ is unknown!
   Area for cell type $_NOR_ is unknown!
   Area for cell type $_NOT_ is unknown!
   Area for cell type $_ORNOT_ is unknown!
   Area for cell type $_OR_ is unknown!
   Area for cell type $_SDFFE_PN0P_ is unknown!
   Area for cell type $_SDFFE_PP0P_ is unknown!
   Area for cell type $_SDFF_PN0_ is unknown!
   Area for cell type $_SDFF_PP0_ is unknown!
   Area for cell type $_XNOR_ is unknown!
   Area for cell type $_XOR_ is unknown!

