
===========================================================================
 report_power
============================================================================
======================= nom_typ_1p20V_25C Corner ===================================

Group                    Internal    Switching      Leakage        Total
                            Power        Power        Power        Power (Watts)
------------------------------------------------------------------------
Sequential           1.138085e-06 6.236796e-08 3.575867e-09 1.204028e-06  53.0%
Combinational        2.570563e-07 5.462030e-07 5.302944e-09 8.085622e-07  35.6%
Clock                0.000000e+00 0.000000e+00 2.575355e-07 2.575355e-07  11.3%
Macro                0.000000e+00 0.000000e+00 0.000000e+00 0.000000e+00   0.0%
Pad                  0.000000e+00 0.000000e+00 0.000000e+00 0.000000e+00   0.0%
------------------------------------------------------------------------
Total                1.395141e-06 6.085709e-07 2.664142e-07 2.270126e-06 100.0%
                            61.5%        26.8%        11.7%

