Clock: clock_i
Sources: 
Generated: no
Virtual: yes
Propagated: no
Period: 20.000000

===========================================================================
report_clock_properties
============================================================================
Clock                   Period          Waveform
----------------------------------------------------
clock_i              20.000000    0.000000 10.000000

===========================================================================
report_clock_latency
============================================================================
Clock clock_i
rise -> rise
    min     max
0.000000 0.000000 source latency
4.108423         network latency _71_/CLK
        4.119236 network latency _74_/CLK
---------------
4.108423 4.119236 latency
        0.010813 skew

rise -> fall
    min     max
0.000000 0.000000 source latency
4.097040         network latency _71_/CLK
        4.107457 network latency _74_/CLK
---------------
4.097040 4.107457 latency
        0.010417 skew



===========================================================================
report_clock_min_period
============================================================================
clock_i period_min = 0.00 fmax = inf
