Clock: clk
Sources: clk 
Generated: no
Virtual: yes
Propagated: no
Period: 10.000000

===========================================================================
report_clock_properties
============================================================================
Clock                   Period          Waveform
----------------------------------------------------
clk                  10.000000    0.000000  5.000000

===========================================================================
report_clock_latency
============================================================================
Clock clk
rise -> rise
    min     max
0.000000 0.000000 source latency
0.595862         network latency _09230_/CLK
        0.643998 network latency _09535_/CLK
---------------
0.595862 0.643998 latency
        0.048136 skew

fall -> fall
    min     max
0.000000 0.000000 source latency
0.577790         network latency _09230_/CLK
        0.619746 network latency _09535_/CLK
---------------
0.577790 0.619746 latency
        0.041955 skew



===========================================================================
report_clock_min_period
============================================================================
clk period_min = 7.97 fmax = 125.40
