
===========================================================================
 report_power
============================================================================
======================= nom_slow_1p08V_125C Corner ===================================

Group                    Internal    Switching      Leakage        Total
                            Power        Power        Power        Power (Watts)
------------------------------------------------------------------------
Sequential           3.139251e-03 3.074489e-04 1.297692e-06 3.447998e-03  26.5%
Combinational        3.719123e-03 5.104710e-03 3.322670e-06 8.827155e-03  67.7%
Clock                3.203525e-04 4.397511e-04 2.314032e-07 7.603350e-04   5.8%
Macro                0.000000e+00 0.000000e+00 0.000000e+00 0.000000e+00   0.0%
Pad                  0.000000e+00 0.000000e+00 0.000000e+00 0.000000e+00   0.0%
------------------------------------------------------------------------
Total                7.178725e-03 5.851907e-03 4.851765e-06 1.303548e-02 100.0%
                            55.1%        44.9%         0.0%

