
===========================================================================
report_checks -unconstrained
===========================================================================
======================= nom_typ_1p20V_25C Corner ===================================

Startpoint: _18563_ (rising edge-triggered flip-flop clocked by clk)
Endpoint: uio_out[0] (output port clocked by clk)
Path Group: clk
Path Type: max

Fanout         Cap        Slew       Delay        Time   Description
---------------------------------------------------------------------------------------------
                                  0.000000    0.000000   clock clk (rise edge)
                                  0.000000    0.000000   clock source latency
     1    0.058671    0.073534    0.053953    0.053953 ^ clk (in)
                                                         clk (net)
                      0.076063    0.000000    0.053953 ^ clkbuf_0_clk/A (sg13cmos5l_buf_8)
    16    0.315052    0.167698    0.178352    0.232305 ^ clkbuf_0_clk/X (sg13cmos5l_buf_8)
                                                         clknet_0_clk (net)
                      0.175667    0.028515    0.260820 ^ clkbuf_4_4_0_clk/A (sg13cmos5l_buf_8)
     6    0.098247    0.065212    0.155961    0.416782 ^ clkbuf_4_4_0_clk/X (sg13cmos5l_buf_8)
                                                         clknet_4_4_0_clk (net)
                      0.065445    0.002754    0.419536 ^ clkbuf_leaf_19_clk/A (sg13cmos5l_buf_8)
    15    0.080253    0.052965    0.107676    0.527212 ^ clkbuf_leaf_19_clk/X (sg13cmos5l_buf_8)
                                                         clknet_leaf_19_clk (net)
                      0.053325    0.003442    0.530654 ^ _18563_/CLK (sg13cmos5l_dfrbpq_1)
     1    0.002716    0.019093    0.175126    0.705780 v _18563_/Q (sg13cmos5l_dfrbpq_1)
                                                         systolic_array_inst.s_counter[2] (net)
                      0.019093    0.000184    0.705964 v hold2214/A (sg13cmos5l_dlygate4sd3_1)
     2    0.008618    0.052842    0.385598    1.091562 v hold2214/X (sg13cmos5l_dlygate4sd3_1)
                                                         net2214 (net)
                      0.052842    0.000265    1.091827 v _10391_/A (sg13cmos5l_nor3_1)
     3    0.012342    0.189388    0.188696    1.280523 ^ _10391_/Y (sg13cmos5l_nor3_1)
                                                         _02627_ (net)
                      0.189392    0.000677    1.281200 ^ _10392_/B (sg13cmos5l_and2_1)
     2    0.008422    0.049085    0.149142    1.430342 ^ _10392_/X (sg13cmos5l_and2_1)
                                                         _02628_ (net)
                      0.049092    0.000576    1.430918 ^ _10393_/B_N (sg13cmos5l_nor2b_1)
     2    0.008768    0.092777    0.130179    1.561097 ^ _10393_/Y (sg13cmos5l_nor2b_1)
                                                         _02629_ (net)
                      0.092783    0.000582    1.561679 ^ _10394_/A_N (sg13cmos5l_nand2b_1)
     5    0.033599    0.147604    0.175981    1.737659 ^ _10394_/Y (sg13cmos5l_nand2b_1)
                                                         _02630_ (net)
                      0.147814    0.004520    1.742179 ^ _10395_/A (sg13cmos5l_inv_1)
     1    0.011594    0.066625    0.090271    1.832450 v _10395_/Y (sg13cmos5l_inv_1)
                                                         _02631_ (net)
                      0.066650    0.001204    1.833654 v _10424_/A1 (sg13cmos5l_o21ai_1)
     1    0.007008    0.110375    0.126935    1.960589 ^ _10424_/Y (sg13cmos5l_o21ai_1)
                                                         _02653_ (net)
                      0.110376    0.000484    1.961072 ^ _10428_/B1 (sg13cmos5l_o21ai_1)
     1    0.005626    0.060599    0.077458    2.038530 v _10428_/Y (sg13cmos5l_o21ai_1)
                                                         _02657_ (net)
                      0.060599    0.000351    2.038881 v _10429_/B1 (sg13cmos5l_a21o_1)
     2    0.014270    0.060390    0.145216    2.184097 v _10429_/X (sg13cmos5l_a21o_1)
                                                         _02658_ (net)
                      0.060407    0.000962    2.185060 v _10430_/B (sg13cmos5l_nand2_1)
     3    0.016608    0.094748    0.090745    2.275805 ^ _10430_/Y (sg13cmos5l_nand2_1)
                                                         _02659_ (net)
                      0.094756    0.000885    2.276689 ^ _10431_/A (sg13cmos5l_nor2b_1)
     5    0.034078    0.118164    0.143093    2.419782 v _10431_/Y (sg13cmos5l_nor2b_1)
                                                         _02660_ (net)
                      0.118201    0.000391    2.420173 v _10443_/A (sg13cmos5l_nor4_1)
     1    0.035094    0.669221    0.549744    2.969918 ^ _10443_/Y (sg13cmos5l_nor4_1)
                                                         s_in_ready_reg (net)
                      0.669264    0.004454    2.974371 ^ _21225_/A (sg13cmos5l_buf_1)
     1    0.006106    0.053755    0.192041    3.166413 ^ _21225_/X (sg13cmos5l_buf_1)
                                                         net10 (net)
                      0.053755    0.000418    3.166830 ^ output10/A (sg13cmos5l_buf_1)
     1    0.009421    0.047590    0.089106    3.255936 ^ output10/X (sg13cmos5l_buf_1)
                                                         uio_out[0] (net)
                      0.047603    0.000748    3.256684 ^ uio_out[0] (out)
                                              3.256684   data arrival time

                                  6.700000    6.700000   clock clk (rise edge)
                                  0.000000    6.700000   clock network delay (propagated)
                                 -0.250000    6.450000   clock uncertainty
                                  0.000000    6.450000   clock reconvergence pessimism
                                 -1.340000    5.110000   output external delay
                                              5.110000   data required time
---------------------------------------------------------------------------------------------
                                              5.110000   data required time
                                             -3.256684   data arrival time
---------------------------------------------------------------------------------------------
                                              1.853316   slack (MET)




===========================================================================
report_checks --slack_max -0.01
============================================================================
======================= nom_typ_1p20V_25C Corner ===================================

No paths found.


===========================================================================
 report_check_types -max_slew -max_cap -max_fanout -violators
============================================================================
======================= nom_typ_1p20V_25C Corner ===================================

max fanout

Pin                                   Limit Fanout  Slack
---------------------------------------------------------
clkbuf_leaf_12_clk/X                      8     17     -9 (VIOLATED)
clkbuf_leaf_20_clk/X                      8     17     -9 (VIOLATED)
clkbuf_leaf_33_clk/X                      8     17     -9 (VIOLATED)
clkbuf_leaf_34_clk/X                      8     17     -9 (VIOLATED)
clkbuf_0_clk/X                            8     16     -8 (VIOLATED)
clkbuf_leaf_10_clk/X                      8     16     -8 (VIOLATED)
clkbuf_leaf_21_clk/X                      8     16     -8 (VIOLATED)
clkbuf_leaf_22_clk/X                      8     16     -8 (VIOLATED)
clkbuf_leaf_23_clk/X                      8     16     -8 (VIOLATED)
clkbuf_leaf_36_clk/X                      8     16     -8 (VIOLATED)
clkbuf_leaf_47_clk/X                      8     16     -8 (VIOLATED)
clkbuf_leaf_50_clk/X                      8     16     -8 (VIOLATED)
clkbuf_leaf_54_clk/X                      8     16     -8 (VIOLATED)
clkbuf_leaf_55_clk/X                      8     16     -8 (VIOLATED)
clkbuf_leaf_59_clk/X                      8     16     -8 (VIOLATED)
clkbuf_leaf_77_clk/X                      8     16     -8 (VIOLATED)
clkbuf_leaf_78_clk/X                      8     16     -8 (VIOLATED)
clkbuf_leaf_79_clk/X                      8     16     -8 (VIOLATED)
clkbuf_leaf_81_clk/X                      8     16     -8 (VIOLATED)
clkbuf_leaf_82_clk/X                      8     16     -8 (VIOLATED)
clkbuf_leaf_9_clk/X                       8     16     -8 (VIOLATED)
clkbuf_leaf_0_clk/X                       8     15     -7 (VIOLATED)
clkbuf_leaf_11_clk/X                      8     15     -7 (VIOLATED)
clkbuf_leaf_13_clk/X                      8     15     -7 (VIOLATED)
clkbuf_leaf_16_clk/X                      8     15     -7 (VIOLATED)
clkbuf_leaf_19_clk/X                      8     15     -7 (VIOLATED)
clkbuf_leaf_25_clk/X                      8     15     -7 (VIOLATED)
clkbuf_leaf_27_clk/X                      8     15     -7 (VIOLATED)
clkbuf_leaf_28_clk/X                      8     15     -7 (VIOLATED)
clkbuf_leaf_29_clk/X                      8     15     -7 (VIOLATED)
clkbuf_leaf_2_clk/X                       8     15     -7 (VIOLATED)
clkbuf_leaf_30_clk/X                      8     15     -7 (VIOLATED)
clkbuf_leaf_31_clk/X                      8     15     -7 (VIOLATED)
clkbuf_leaf_35_clk/X                      8     15     -7 (VIOLATED)
clkbuf_leaf_37_clk/X                      8     15     -7 (VIOLATED)
clkbuf_leaf_38_clk/X                      8     15     -7 (VIOLATED)
clkbuf_leaf_39_clk/X                      8     15     -7 (VIOLATED)
clkbuf_leaf_41_clk/X                      8     15     -7 (VIOLATED)
clkbuf_leaf_42_clk/X                      8     15     -7 (VIOLATED)
clkbuf_leaf_43_clk/X                      8     15     -7 (VIOLATED)
clkbuf_leaf_45_clk/X                      8     15     -7 (VIOLATED)
clkbuf_leaf_46_clk/X                      8     15     -7 (VIOLATED)
clkbuf_leaf_48_clk/X                      8     15     -7 (VIOLATED)
clkbuf_leaf_4_clk/X                       8     15     -7 (VIOLATED)
clkbuf_leaf_56_clk/X                      8     15     -7 (VIOLATED)
clkbuf_leaf_58_clk/X                      8     15     -7 (VIOLATED)
clkbuf_leaf_6_clk/X                       8     15     -7 (VIOLATED)
clkbuf_leaf_85_clk/X                      8     15     -7 (VIOLATED)
clkbuf_leaf_87_clk/X                      8     15     -7 (VIOLATED)
clkbuf_leaf_17_clk/X                      8     14     -6 (VIOLATED)
clkbuf_leaf_1_clk/X                       8     14     -6 (VIOLATED)
clkbuf_leaf_26_clk/X                      8     14     -6 (VIOLATED)
clkbuf_leaf_32_clk/X                      8     14     -6 (VIOLATED)
clkbuf_leaf_40_clk/X                      8     14     -6 (VIOLATED)
clkbuf_leaf_49_clk/X                      8     14     -6 (VIOLATED)
clkbuf_leaf_52_clk/X                      8     14     -6 (VIOLATED)
clkbuf_leaf_53_clk/X                      8     14     -6 (VIOLATED)
clkbuf_leaf_57_clk/X                      8     14     -6 (VIOLATED)
clkbuf_leaf_61_clk/X                      8     14     -6 (VIOLATED)
clkbuf_leaf_63_clk/X                      8     14     -6 (VIOLATED)
clkbuf_leaf_64_clk/X                      8     14     -6 (VIOLATED)
clkbuf_leaf_65_clk/X                      8     14     -6 (VIOLATED)
clkbuf_leaf_66_clk/X                      8     14     -6 (VIOLATED)
clkbuf_leaf_67_clk/X                      8     14     -6 (VIOLATED)
clkbuf_leaf_68_clk/X                      8     14     -6 (VIOLATED)
clkbuf_leaf_69_clk/X                      8     14     -6 (VIOLATED)
clkbuf_leaf_70_clk/X                      8     14     -6 (VIOLATED)
clkbuf_leaf_72_clk/X                      8     14     -6 (VIOLATED)
clkbuf_leaf_73_clk/X                      8     14     -6 (VIOLATED)
clkbuf_leaf_76_clk/X                      8     14     -6 (VIOLATED)
clkbuf_leaf_7_clk/X                       8     14     -6 (VIOLATED)
clkbuf_leaf_83_clk/X                      8     14     -6 (VIOLATED)
clkbuf_leaf_89_clk/X                      8     14     -6 (VIOLATED)
clkbuf_leaf_8_clk/X                       8     14     -6 (VIOLATED)
clkbuf_leaf_24_clk/X                      8     13     -5 (VIOLATED)
clkbuf_leaf_44_clk/X                      8     13     -5 (VIOLATED)
clkbuf_leaf_51_clk/X                      8     13     -5 (VIOLATED)
clkbuf_leaf_5_clk/X                       8     13     -5 (VIOLATED)
clkbuf_leaf_60_clk/X                      8     13     -5 (VIOLATED)
clkbuf_leaf_71_clk/X                      8     13     -5 (VIOLATED)
clkbuf_leaf_74_clk/X                      8     13     -5 (VIOLATED)
clkbuf_leaf_75_clk/X                      8     13     -5 (VIOLATED)
clkbuf_leaf_84_clk/X                      8     13     -5 (VIOLATED)
clkbuf_leaf_86_clk/X                      8     13     -5 (VIOLATED)
clkbuf_leaf_88_clk/X                      8     13     -5 (VIOLATED)
clkbuf_leaf_90_clk/X                      8     13     -5 (VIOLATED)
clkbuf_leaf_14_clk/X                      8     12     -4 (VIOLATED)
clkbuf_leaf_18_clk/X                      8     12     -4 (VIOLATED)
clkbuf_leaf_3_clk/X                       8     12     -4 (VIOLATED)
clkbuf_leaf_62_clk/X                      8     12     -4 (VIOLATED)
clkbuf_leaf_80_clk/X                      8     12     -4 (VIOLATED)
clkbuf_leaf_15_clk/X                      8     11     -3 (VIOLATED)



===========================================================================
report_parasitic_annotation -report_unannotated
============================================================================
Found 97 unannotated drivers.
 ena
 ui_in[10]
 ui_in[11]
 ui_in[12]
 ui_in[13]
 ui_in[14]
 ui_in[15]
 ui_in[8]
 ui_in[9]
 uio_in[0]
 uio_in[10]
 uio_in[11]
 uio_in[12]
 uio_in[13]
 uio_in[14]
 uio_in[15]
 uio_in[1]
 uio_in[2]
 uio_in[3]
 uio_in[4]
 uio_in[5]
 uio_in[6]
 uio_in[7]
 uio_in[8]
 uio_in[9]
 clkload0/X
 clkload1/X
 clkload10/Y
 clkload11/X
 clkload12/Y
 clkload13/Y
 clkload14/Y
 clkload15/X
 clkload16/Y
 clkload17/Y
 clkload18/Y
 clkload19/Y
 clkload2/X
 clkload20/Y
 clkload21/Y
 clkload22/Y
 clkload23/Y
 clkload24/X
 clkload25/Y
 clkload26/Y
 clkload27/X
 clkload28/Y
 clkload29/Y
 clkload3/X
 clkload30/Y
 clkload31/Y
 clkload32/X
 clkload33/Y
 clkload34/Y
 clkload35/X
 clkload36/Y
 clkload37/Y
 clkload38/Y
 clkload39/Y
 clkload4/X
 clkload40/Y
 clkload41/Y
 clkload42/Y
 clkload43/Y
 clkload44/Y
 clkload45/X
 clkload46/Y
 clkload47/Y
 clkload48/Y
 clkload49/Y
 clkload5/Y
 clkload50/Y
 clkload51/Y
 clkload52/Y
 clkload53/X
 clkload54/Y
 clkload55/Y
 clkload56/Y
 clkload57/Y
 clkload58/Y
 clkload59/Y
 clkload6/Y
 clkload60/Y
 clkload61/Y
 clkload62/Y
 clkload63/Y
 clkload64/X
 clkload65/Y
 clkload66/X
 clkload67/X
 clkload68/Y
 clkload69/Y
 clkload7/X
 clkload70/Y
 clkload71/Y
 clkload8/Y
 clkload9/X
Found 0 partially unannotated drivers.

===========================================================================
max slew violation count 0
max fanout violation count 92
max cap violation count 0
============================================================================

===========================================================================
check_setup -verbose -unconstrained_endpoints -multiple_clock -no_clock -no_input_delay -loops -generated_clocks
===========================================================================
