Clock: clk
Sources: clk 
Generated: no
Virtual: yes
Propagated: no
Period: 6.700000

===========================================================================
report_clock_properties
============================================================================
Clock                   Period          Waveform
----------------------------------------------------
clk                   6.700000    0.000000  3.350000

===========================================================================
report_clock_latency
============================================================================
Clock clk
rise -> rise
    min     max
0.000000 0.000000 source latency
0.492639         network latency _18760_/CLK
        0.546911 network latency _19158_/CLK
---------------
0.492639 0.546911 latency
        0.054272 skew

fall -> fall
    min     max
0.000000 0.000000 source latency
0.461479         network latency _18752_/CLK
        0.511285 network latency _19158_/CLK
---------------
0.461479 0.511285 latency
        0.049806 skew



===========================================================================
report_clock_min_period
============================================================================
clk period_min = 4.69 fmax = 213.28
