
===========================================================================
 report_power
============================================================================
======================= nom_typ_1p20V_25C Corner ===================================

Group                    Internal    Switching      Leakage        Total
                            Power        Power        Power        Power (Watts)
------------------------------------------------------------------------
Sequential           1.169549e-02 9.689796e-04 5.678825e-07 1.266503e-02  28.2%
Combinational        1.208861e-02 1.686282e-02 1.642955e-06 2.895307e-02  64.5%
Clock                1.442223e-03 1.797561e-03 6.247365e-07 3.240408e-03   7.2%
Macro                0.000000e+00 0.000000e+00 0.000000e+00 0.000000e+00   0.0%
Pad                  0.000000e+00 0.000000e+00 0.000000e+00 0.000000e+00   0.0%
------------------------------------------------------------------------
Total                2.522629e-02 1.962936e-02 2.835456e-06 4.485849e-02 100.0%
                            56.2%        43.8%         0.0%

