
===========================================================================
report_checks -unconstrained
===========================================================================
======================= nom_fast_1p32V_m40C Corner ===================================

Startpoint: ui_in[6] (input port clocked by clk)
Endpoint: uio_out[0] (output port clocked by clk)
Path Group: clk
Path Type: max

Fanout         Cap        Slew       Delay        Time   Description
---------------------------------------------------------------------------------------------
                                  0.000000    0.000000   clock clk (rise edge)
                                  0.000000    0.000000   clock network delay (propagated)
                                  2.000000    2.000000 v input external delay
     1    0.014399    0.016454    0.007147    2.007147 v ui_in[6] (in)
                                                         ui_in[6] (net)
                      0.016464    0.000000    2.007147 v input8/A (sg13cmos5l_buf_1)
     5    0.045865    0.100737    0.103653    2.110800 v input8/X (sg13cmos5l_buf_1)
                                                         net8 (net)
                      0.101087    0.004888    2.115688 v _05041_/A (sg13cmos5l_nor2_1)
     2    0.009229    0.070992    0.078545    2.194233 ^ _05041_/Y (sg13cmos5l_nor2_1)
                                                         _00824_ (net)
                      0.071001    0.000657    2.194890 ^ _05047_/A (sg13cmos5l_nand2_1)
     1    0.006924    0.043935    0.054228    2.249118 v _05047_/Y (sg13cmos5l_nand2_1)
                                                         _00830_ (net)
                      0.043942    0.000464    2.249582 v _05049_/B1 (sg13cmos5l_a22oi_1)
     1    0.004129    0.052787    0.058963    2.308545 ^ _05049_/Y (sg13cmos5l_a22oi_1)
                                                         _00832_ (net)
                      0.052788    0.000246    2.308790 ^ hold1286/A (sg13cmos5l_dlygate4sd3_1)
     1    0.005525    0.028207    0.264785    2.573575 ^ hold1286/X (sg13cmos5l_dlygate4sd3_1)
                                                         net1286 (net)
                      0.028207    0.000227    2.573802 ^ _05050_/B1 (sg13cmos5l_o21ai_1)
     3    0.015161    0.079400    0.066867    2.640669 v _05050_/Y (sg13cmos5l_o21ai_1)
                                                         _00833_ (net)
                      0.079420    0.001023    2.641692 v _05052_/C (sg13cmos5l_nand3_1)
     7    0.048998    0.157172    0.139323    2.781015 ^ _05052_/Y (sg13cmos5l_nand3_1)
                                                         _00835_ (net)
                      0.157227    0.002427    2.783442 ^ _05053_/A (sg13cmos5l_inv_1)
     1    0.006178    0.039950    0.051638    2.835080 v _05053_/Y (sg13cmos5l_inv_1)
                                                         _00836_ (net)
                      0.039951    0.000259    2.835339 v _05060_/A (sg13cmos5l_nor3_1)
     1    0.013245    0.149748    0.123332    2.958671 ^ _05060_/Y (sg13cmos5l_nor3_1)
                                                         s_in_ready_reg (net)
                      0.149792    0.002093    2.960763 ^ _10243_/A (sg13cmos5l_buf_1)
     1    0.004295    0.022895    0.076931    3.037695 ^ _10243_/X (sg13cmos5l_buf_1)
                                                         net10 (net)
                      0.022895    0.000283    3.037977 ^ output10/A (sg13cmos5l_buf_1)
     1    0.017038    0.049797    0.066748    3.104725 ^ output10/X (sg13cmos5l_buf_1)
                                                         uio_out[0] (net)
                      0.049837    0.001158    3.105884 ^ uio_out[0] (out)
                                              3.105884   data arrival time

                                 10.000000   10.000000   clock clk (rise edge)
                                  0.000000   10.000000   clock network delay (propagated)
                                 -0.250000    9.750000   clock uncertainty
                                  0.000000    9.750000   clock reconvergence pessimism
                                 -2.000000    7.750000   output external delay
                                              7.750000   data required time
---------------------------------------------------------------------------------------------
                                              7.750000   data required time
                                             -3.105884   data arrival time
---------------------------------------------------------------------------------------------
                                              4.644116   slack (MET)




===========================================================================
report_checks --slack_max -0.01
============================================================================
======================= nom_fast_1p32V_m40C Corner ===================================

No paths found.


===========================================================================
 report_check_types -max_slew -max_cap -max_fanout -violators
============================================================================
======================= nom_fast_1p32V_m40C Corner ===================================

max fanout

Pin                                   Limit Fanout  Slack
---------------------------------------------------------
clkbuf_leaf_22_clk/X                      8     19    -11 (VIOLATED)
clkbuf_leaf_23_clk/X                      8     19    -11 (VIOLATED)
clkbuf_leaf_11_clk/X                      8     18    -10 (VIOLATED)
clkbuf_leaf_13_clk/X                      8     18    -10 (VIOLATED)
clkbuf_leaf_15_clk/X                      8     18    -10 (VIOLATED)
clkbuf_leaf_1_clk/X                       8     18    -10 (VIOLATED)
clkbuf_leaf_24_clk/X                      8     18    -10 (VIOLATED)
clkbuf_leaf_32_clk/X                      8     18    -10 (VIOLATED)
clkbuf_leaf_36_clk/X                      8     18    -10 (VIOLATED)
clkbuf_leaf_5_clk/X                       8     18    -10 (VIOLATED)
clkbuf_leaf_10_clk/X                      8     17     -9 (VIOLATED)
clkbuf_leaf_14_clk/X                      8     17     -9 (VIOLATED)
clkbuf_leaf_17_clk/X                      8     17     -9 (VIOLATED)
clkbuf_leaf_18_clk/X                      8     17     -9 (VIOLATED)
clkbuf_leaf_21_clk/X                      8     17     -9 (VIOLATED)
clkbuf_leaf_2_clk/X                       8     17     -9 (VIOLATED)
clkbuf_leaf_31_clk/X                      8     17     -9 (VIOLATED)
clkbuf_leaf_33_clk/X                      8     17     -9 (VIOLATED)
clkbuf_leaf_34_clk/X                      8     17     -9 (VIOLATED)
clkbuf_leaf_3_clk/X                       8     17     -9 (VIOLATED)
clkbuf_leaf_4_clk/X                       8     17     -9 (VIOLATED)
clkbuf_leaf_6_clk/X                       8     17     -9 (VIOLATED)
clkbuf_leaf_7_clk/X                       8     17     -9 (VIOLATED)
clkbuf_leaf_8_clk/X                       8     17     -9 (VIOLATED)
clkbuf_leaf_19_clk/X                      8     16     -8 (VIOLATED)
clkbuf_leaf_20_clk/X                      8     16     -8 (VIOLATED)
clkbuf_leaf_25_clk/X                      8     16     -8 (VIOLATED)
clkbuf_leaf_26_clk/X                      8     16     -8 (VIOLATED)
clkbuf_leaf_28_clk/X                      8     16     -8 (VIOLATED)
clkbuf_leaf_29_clk/X                      8     16     -8 (VIOLATED)
clkbuf_leaf_35_clk/X                      8     16     -8 (VIOLATED)
clkbuf_leaf_12_clk/X                      8     15     -7 (VIOLATED)
clkbuf_leaf_16_clk/X                      8     15     -7 (VIOLATED)
clkbuf_leaf_27_clk/X                      8     15     -7 (VIOLATED)
clkbuf_leaf_30_clk/X                      8     15     -7 (VIOLATED)
clkbuf_leaf_9_clk/X                       8     15     -7 (VIOLATED)
clkbuf_leaf_0_clk/X                       8     14     -6 (VIOLATED)



===========================================================================
report_parasitic_annotation -report_unannotated
============================================================================
Found 34 unannotated drivers.
 ena
 uio_in[0]
 uio_in[1]
 uio_in[2]
 uio_in[3]
 uio_in[4]
 uio_in[5]
 uio_in[6]
 uio_in[7]
 clkload0/X
 clkload1/X
 clkload10/Y
 clkload11/Y
 clkload12/Y
 clkload13/Y
 clkload14/Y
 clkload15/X
 clkload16/Y
 clkload17/Y
 clkload18/X
 clkload19/Y
 clkload2/Y
 clkload20/Y
 clkload21/X
 clkload22/Y
 clkload23/Y
 clkload24/Y
 clkload3/Y
 clkload4/Y
 clkload5/Y
 clkload6/Y
 clkload7/Y
 clkload8/X
 clkload9/Y
Found 0 partially unannotated drivers.

===========================================================================
max slew violation count 0
max fanout violation count 37
max cap violation count 0
============================================================================

===========================================================================
check_setup -verbose -unconstrained_endpoints -multiple_clock -no_clock -no_input_delay -loops -generated_clocks
===========================================================================
