Clock: clk
Sources: clk 
Generated: no
Virtual: yes
Propagated: no
Period: 10.000000

===========================================================================
report_clock_properties
============================================================================
Clock                   Period          Waveform
----------------------------------------------------
clk                  10.000000    0.000000  5.000000

===========================================================================
report_clock_latency
============================================================================
Clock clk
rise -> rise
    min     max
0.000000 0.000000 source latency
0.252673         network latency _09053_/CLK
        0.282199 network latency _09590_/CLK
---------------
0.252673 0.282199 latency
        0.029525 skew

fall -> fall
    min     max
0.000000 0.000000 source latency
0.245825         network latency _09053_/CLK
        0.274796 network latency _09590_/CLK
---------------
0.245825 0.274796 latency
        0.028971 skew



===========================================================================
report_clock_min_period
============================================================================
clk period_min = 3.42 fmax = 292.34
