Clock: clk
Sources: clk 
Generated: no
Virtual: yes
Propagated: no
Period: 6.700000

===========================================================================
report_clock_properties
============================================================================
Clock                   Period          Waveform
----------------------------------------------------
clk                   6.700000    0.000000  3.350000

===========================================================================
report_clock_latency
============================================================================
Clock clk
rise -> rise
    min     max
0.000000 0.000000 source latency
0.324884         network latency _18752_/CLK
        0.372139 network latency _19158_/CLK
---------------
0.324884 0.372139 latency
        0.047256 skew

fall -> fall
    min     max
0.000000 0.000000 source latency
0.310475         network latency _18752_/CLK
        0.355551 network latency _19158_/CLK
---------------
0.310475 0.355551 latency
        0.045075 skew



===========================================================================
report_clock_min_period
============================================================================
clk period_min = 3.17 fmax = 315.62
