
===========================================================================
 report_power
============================================================================
======================= nom_fast_1p32V_m40C Corner ===================================

Group                    Internal    Switching      Leakage        Total
                            Power        Power        Power        Power (Watts)
------------------------------------------------------------------------
Sequential           0.000000e+00 0.000000e+00 0.000000e+00 0.000000e+00   0.0%
Combinational        1.836762e-06 1.984759e-06 7.135592e-09 3.828656e-06  16.8%
Clock                3.085847e-11 0.000000e+00 1.900701e-05 1.900704e-05  83.2%
Macro                0.000000e+00 0.000000e+00 0.000000e+00 0.000000e+00   0.0%
Pad                  0.000000e+00 0.000000e+00 0.000000e+00 0.000000e+00   0.0%
------------------------------------------------------------------------
Total                1.836793e-06 1.984759e-06 1.901416e-05 2.283571e-05 100.0%
                             8.0%         8.7%        83.3%

