Clock: clk
Sources: clk 
Generated: no
Virtual: yes
Propagated: no
Period: 6.700000

===========================================================================
report_clock_properties
============================================================================
Clock                   Period          Waveform
----------------------------------------------------
clk                   6.700000    0.000000  3.350000

===========================================================================
report_clock_latency
============================================================================
Clock clk
rise -> rise
    min     max
0.000000 0.000000 source latency
0.769629         network latency _18760_/CLK
        0.838342 network latency _19158_/CLK
---------------
0.769629 0.838342 latency
        0.068713 skew

fall -> fall
    min     max
0.000000 0.000000 source latency
0.729174         network latency _18760_/CLK
        0.791483 network latency _19158_/CLK
---------------
0.729174 0.791483 latency
        0.062309 skew



===========================================================================
report_clock_min_period
============================================================================
clk period_min = 7.26 fmax = 137.70
