
===========================================================================
 report_power
============================================================================
======================= nom_slow_1p08V_125C Corner ===================================

Group                    Internal    Switching      Leakage        Total
                            Power        Power        Power        Power (Watts)
------------------------------------------------------------------------
Sequential           0.000000e+00 0.000000e+00 0.000000e+00 0.000000e+00   0.0%
Combinational        1.216372e-06 1.306895e-06 1.393922e-08 2.537206e-06  66.5%
Clock                1.761829e-11 0.000000e+00 1.276565e-06 1.276583e-06  33.5%
Macro                0.000000e+00 0.000000e+00 0.000000e+00 0.000000e+00   0.0%
Pad                  0.000000e+00 0.000000e+00 0.000000e+00 0.000000e+00   0.0%
------------------------------------------------------------------------
Total                1.216390e-06 1.306895e-06 1.290505e-06 3.813789e-06 100.0%
                            31.9%        34.3%        33.8%

