
===========================================================================
Violator List
============================================================================
[setup reg-reg] _19084_/Q -> _19081_/D : -0.561941
[setup reg-reg] _18787_/Q -> _18788_/D : -0.432654
[setup reg-reg] _19743_/Q -> _19746_/D : -0.408188
[setup reg-reg] _18619_/Q -> _18662_/D : -0.357620
[setup reg-reg] _18619_/Q -> _18661_/D : -0.332277
[setup reg-reg] _18703_/Q -> _18747_/D : -0.331434
[setup reg-reg] _19743_/Q -> _19786_/D : -0.276255
[setup reg-reg] _19533_/Q -> _19537_/D : -0.259069
[setup reg-reg] _19491_/Q -> _19490_/D : -0.226473
[setup reg-reg] _18619_/Q -> _18660_/D : -0.222631
[setup reg-reg] _19533_/Q -> _19533_/D : -0.222542
[setup reg-reg] _18619_/Q -> _18664_/D : -0.221888
[setup reg-reg] _19291_/Q -> _19337_/D : -0.221694
[setup reg-reg] _19417_/Q -> _19453_/D : -0.208253
[setup reg-reg] _19084_/Q -> _19085_/D : -0.207668
[setup reg-reg] _19417_/Q -> _19452_/D : -0.207407
[setup reg-reg] _19533_/Q -> _19534_/D : -0.200071
[setup reg-reg] _19375_/Q -> _19418_/D : -0.194799
[setup reg-reg] _18619_/Q -> _18663_/D : -0.188539
[setup reg-reg] _18913_/Q -> _18954_/D : -0.183986
[setup reg-reg] _18913_/Q -> _18956_/D : -0.182967
[setup reg-reg] _19291_/Q -> _19334_/D : -0.164129
[setup reg-reg] _19375_/Q -> _19417_/D : -0.155595
[setup reg-reg] _19617_/Q -> _19663_/D : -0.150078
[setup reg-reg] _19084_/Q -> _19082_/D : -0.142453
[setup reg-reg] _19375_/Q -> _19419_/D : -0.136810
[setup reg-reg] _19375_/Q -> _19416_/D : -0.136508
[setup reg-reg] _19617_/Q -> _19659_/D : -0.105638
[setup reg-reg] _19617_/Q -> _19660_/D : -0.096224
[setup reg-reg] _19291_/Q -> _19333_/D : -0.095524
[setup reg-reg] _19533_/Q -> _19535_/D : -0.084274
[setup reg-reg] _19533_/Q -> _19536_/D : -0.083428
[setup reg-reg] _18871_/Q -> _18872_/D : -0.072537
[setup reg-reg] _19704_/Q -> _19704_/D : -0.069167
[setup reg-reg] _18787_/Q -> _18791_/D : -0.064806
[setup reg-reg] _18703_/Q -> _18706_/D : -0.062973
[setup reg-reg] _18871_/Q -> _18871_/D : -0.057294
[setup reg-reg] _18703_/Q -> _18705_/D : -0.055293
[setup reg-reg] _19704_/Q -> _19702_/D : -0.054226
[setup reg-reg] _19704_/Q -> _19701_/D : -0.052120
[setup reg-out] _18563_/Q -> uio_out[0] : -0.046325
[setup reg-reg] _18619_/Q -> _18622_/D : -0.046299
[setup reg-reg] _19375_/Q -> _19421_/D : -0.045377
[setup reg-reg] _19617_/Q -> _19662_/D : -0.042213
[setup reg-reg] _19084_/Q -> _19084_/D : -0.038385
[setup reg-reg] _18871_/Q -> _18917_/D : -0.036313
[setup reg-reg] _19165_/Q -> _19208_/D : -0.036130
[setup reg-reg] _19533_/Q -> _19532_/D : -0.033287
[setup reg-reg] _18913_/Q -> _18958_/D : -0.026989
[setup reg-reg] _19084_/Q -> _19083_/D : -0.014444
[setup reg-reg] _18913_/Q -> _18957_/D : -0.012553
[setup reg-reg] _18913_/Q -> _18955_/D : -0.010077
[setup reg-reg] _19743_/Q -> _19744_/D : -0.000643
