
===========================================================================
report_checks -unconstrained
===========================================================================
======================= nom_typ_1p20V_25C Corner ===================================

Startpoint: ui_in[6] (input port clocked by clk)
Endpoint: uio_out[0] (output port clocked by clk)
Path Group: clk
Path Type: max

Fanout         Cap        Slew       Delay        Time   Description
---------------------------------------------------------------------------------------------
                                  0.000000    0.000000   clock clk (rise edge)
                                  0.000000    0.000000   clock network delay (propagated)
                                  2.000000    2.000000 v input external delay
     1    0.014155    0.024728    0.010248    2.010247 v ui_in[6] (in)
                                                         ui_in[6] (net)
                      0.024735    0.000000    2.010247 v input8/A (sg13cmos5l_buf_1)
     5    0.044433    0.142788    0.154061    2.164308 v input8/X (sg13cmos5l_buf_1)
                                                         net8 (net)
                      0.143013    0.004723    2.169032 v _05041_/A (sg13cmos5l_nor2_1)
     2    0.008792    0.104896    0.124131    2.293163 ^ _05041_/Y (sg13cmos5l_nor2_1)
                                                         _00824_ (net)
                      0.104902    0.000623    2.293786 ^ _05047_/A (sg13cmos5l_nand2_1)
     1    0.006697    0.062153    0.083400    2.377186 v _05047_/Y (sg13cmos5l_nand2_1)
                                                         _00830_ (net)
                      0.062155    0.000444    2.377630 v _05049_/B1 (sg13cmos5l_a22oi_1)
     1    0.003968    0.077881    0.091977    2.469607 ^ _05049_/Y (sg13cmos5l_a22oi_1)
                                                         _00832_ (net)
                      0.077881    0.000232    2.469838 ^ hold1286/A (sg13cmos5l_dlygate4sd3_1)
     1    0.005219    0.041868    0.390526    2.860364 ^ hold1286/X (sg13cmos5l_dlygate4sd3_1)
                                                         net1286 (net)
                      0.041868    0.000214    2.860578 ^ _05050_/B1 (sg13cmos5l_o21ai_1)
     3    0.014336    0.108089    0.095937    2.956515 v _05050_/Y (sg13cmos5l_o21ai_1)
                                                         _00833_ (net)
                      0.108137    0.000966    2.957481 v _05052_/C (sg13cmos5l_nand3_1)
     7    0.045891    0.220300    0.206301    3.163782 ^ _05052_/Y (sg13cmos5l_nand3_1)
                                                         _00835_ (net)
                      0.220335    0.002277    3.166059 ^ _05053_/A (sg13cmos5l_inv_1)
     1    0.005897    0.056186    0.078969    3.245028 v _05053_/Y (sg13cmos5l_inv_1)
                                                         _00836_ (net)
                      0.056187    0.000245    3.245273 v _05060_/A (sg13cmos5l_nor3_1)
     1    0.013040    0.228437    0.195495    3.440768 ^ _05060_/Y (sg13cmos5l_nor3_1)
                                                         s_in_ready_reg (net)
                      0.228465    0.002046    3.442814 ^ _10243_/A (sg13cmos5l_buf_1)
     1    0.004089    0.034402    0.123304    3.566118 ^ _10243_/X (sg13cmos5l_buf_1)
                                                         net10 (net)
                      0.034402    0.000266    3.566384 ^ output10/A (sg13cmos5l_buf_1)
     1    0.017038    0.077012    0.102831    3.669215 ^ output10/X (sg13cmos5l_buf_1)
                                                         uio_out[0] (net)
                      0.077064    0.001160    3.670375 ^ uio_out[0] (out)
                                              3.670375   data arrival time

                                 10.000000   10.000000   clock clk (rise edge)
                                  0.000000   10.000000   clock network delay (propagated)
                                 -0.250000    9.750000   clock uncertainty
                                  0.000000    9.750000   clock reconvergence pessimism
                                 -2.000000    7.750000   output external delay
                                              7.750000   data required time
---------------------------------------------------------------------------------------------
                                              7.750000   data required time
                                             -3.670375   data arrival time
---------------------------------------------------------------------------------------------
                                              4.079625   slack (MET)




===========================================================================
report_checks --slack_max -0.01
============================================================================
======================= nom_typ_1p20V_25C Corner ===================================

No paths found.


===========================================================================
 report_check_types -max_slew -max_cap -max_fanout -violators
============================================================================
======================= nom_typ_1p20V_25C Corner ===================================

max fanout

Pin                                   Limit Fanout  Slack
---------------------------------------------------------
clkbuf_leaf_22_clk/X                      8     19    -11 (VIOLATED)
clkbuf_leaf_23_clk/X                      8     19    -11 (VIOLATED)
clkbuf_leaf_11_clk/X                      8     18    -10 (VIOLATED)
clkbuf_leaf_13_clk/X                      8     18    -10 (VIOLATED)
clkbuf_leaf_15_clk/X                      8     18    -10 (VIOLATED)
clkbuf_leaf_1_clk/X                       8     18    -10 (VIOLATED)
clkbuf_leaf_24_clk/X                      8     18    -10 (VIOLATED)
clkbuf_leaf_32_clk/X                      8     18    -10 (VIOLATED)
clkbuf_leaf_36_clk/X                      8     18    -10 (VIOLATED)
clkbuf_leaf_5_clk/X                       8     18    -10 (VIOLATED)
clkbuf_leaf_10_clk/X                      8     17     -9 (VIOLATED)
clkbuf_leaf_14_clk/X                      8     17     -9 (VIOLATED)
clkbuf_leaf_17_clk/X                      8     17     -9 (VIOLATED)
clkbuf_leaf_18_clk/X                      8     17     -9 (VIOLATED)
clkbuf_leaf_21_clk/X                      8     17     -9 (VIOLATED)
clkbuf_leaf_2_clk/X                       8     17     -9 (VIOLATED)
clkbuf_leaf_31_clk/X                      8     17     -9 (VIOLATED)
clkbuf_leaf_33_clk/X                      8     17     -9 (VIOLATED)
clkbuf_leaf_34_clk/X                      8     17     -9 (VIOLATED)
clkbuf_leaf_3_clk/X                       8     17     -9 (VIOLATED)
clkbuf_leaf_4_clk/X                       8     17     -9 (VIOLATED)
clkbuf_leaf_6_clk/X                       8     17     -9 (VIOLATED)
clkbuf_leaf_7_clk/X                       8     17     -9 (VIOLATED)
clkbuf_leaf_8_clk/X                       8     17     -9 (VIOLATED)
clkbuf_leaf_19_clk/X                      8     16     -8 (VIOLATED)
clkbuf_leaf_20_clk/X                      8     16     -8 (VIOLATED)
clkbuf_leaf_25_clk/X                      8     16     -8 (VIOLATED)
clkbuf_leaf_26_clk/X                      8     16     -8 (VIOLATED)
clkbuf_leaf_28_clk/X                      8     16     -8 (VIOLATED)
clkbuf_leaf_29_clk/X                      8     16     -8 (VIOLATED)
clkbuf_leaf_35_clk/X                      8     16     -8 (VIOLATED)
clkbuf_leaf_12_clk/X                      8     15     -7 (VIOLATED)
clkbuf_leaf_16_clk/X                      8     15     -7 (VIOLATED)
clkbuf_leaf_27_clk/X                      8     15     -7 (VIOLATED)
clkbuf_leaf_30_clk/X                      8     15     -7 (VIOLATED)
clkbuf_leaf_9_clk/X                       8     15     -7 (VIOLATED)
clkbuf_leaf_0_clk/X                       8     14     -6 (VIOLATED)



===========================================================================
report_parasitic_annotation -report_unannotated
============================================================================
Found 34 unannotated drivers.
 ena
 uio_in[0]
 uio_in[1]
 uio_in[2]
 uio_in[3]
 uio_in[4]
 uio_in[5]
 uio_in[6]
 uio_in[7]
 clkload0/X
 clkload1/X
 clkload10/Y
 clkload11/Y
 clkload12/Y
 clkload13/Y
 clkload14/Y
 clkload15/X
 clkload16/Y
 clkload17/Y
 clkload18/X
 clkload19/Y
 clkload2/Y
 clkload20/Y
 clkload21/X
 clkload22/Y
 clkload23/Y
 clkload24/Y
 clkload3/Y
 clkload4/Y
 clkload5/Y
 clkload6/Y
 clkload7/Y
 clkload8/X
 clkload9/Y
Found 0 partially unannotated drivers.

===========================================================================
max slew violation count 0
max fanout violation count 37
max cap violation count 0
============================================================================

===========================================================================
check_setup -verbose -unconstrained_endpoints -multiple_clock -no_clock -no_input_delay -loops -generated_clocks
===========================================================================
