Clock: clk
Sources: clk 
Generated: no
Virtual: yes
Propagated: no
Period: 10.000000

===========================================================================
report_clock_properties
============================================================================
Clock                   Period          Waveform
----------------------------------------------------
clk                  10.000000    0.000000  5.000000

===========================================================================
report_clock_latency
============================================================================
Clock clk
rise -> rise
    min     max
0.000000 0.000000 source latency
0.382246         network latency _09230_/CLK
        0.417530 network latency _09590_/CLK
---------------
0.382246 0.417530 latency
        0.035284 skew

fall -> fall
    min     max
0.000000 0.000000 source latency
0.369878         network latency _09371_/CLK
        0.400360 network latency _09590_/CLK
---------------
0.369878 0.400360 latency
        0.030482 skew



===========================================================================
report_clock_min_period
============================================================================
clk period_min = 5.10 fmax = 196.23
