
===========================================================================
 report_power
============================================================================
======================= nom_typ_1p20V_25C Corner ===================================

Group                    Internal    Switching      Leakage        Total
                            Power        Power        Power        Power (Watts)
------------------------------------------------------------------------
Sequential           3.929582e-03 3.971422e-04 2.743166e-07 4.326998e-03  26.1%
Combinational        4.699476e-03 6.603458e-03 7.979426e-07 1.130373e-02  68.1%
Clock                4.098774e-04 5.675012e-04 1.852973e-07 9.775639e-04   5.9%
Macro                0.000000e+00 0.000000e+00 0.000000e+00 0.000000e+00   0.0%
Pad                  0.000000e+00 0.000000e+00 0.000000e+00 0.000000e+00   0.0%
------------------------------------------------------------------------
Total                9.038938e-03 7.568102e-03 1.257549e-06 1.660830e-02 100.0%
                            54.4%        45.6%         0.0%

